<html>
<body>
<pre>
<h1>µVision Build Log</h1>
<h2>Tool Versions:</h2>
IDE-Version: µVision V5.23.0.0
Copyright (C) 2017 ARM Ltd and ARM Germany GmbH. All rights reserved.
License Information: Adam Warmoth, Stanford University, LIC=----
 
Tool Versions:
Toolchain:       MDK-Lite  Version: 5.23
Toolchain Path:  C:\Keil_v5\ARM\ARMCC\Bin
C Compiler:      Armcc.exe V5.06 update 4 (build 422)
Assembler:       Armasm.exe V5.06 update 4 (build 422)
Linker/Locator:  ArmLink.exe V5.06 update 4 (build 422)
Library Manager: ArmAr.exe V5.06 update 4 (build 422)
Hex Converter:   FromElf.exe V5.06 update 4 (build 422)
CPU DLL:         SARMCM3.DLL V5.23
Dialog DLL:      DCM.DLL V1.15.0.0
Target DLL:      lmidk-agdi.dll V???
Dialog DLL:      TCM.DLL V1.27.0.0
 
<h2>Project:</h2>
C:\Users\adamw_000\Documents\GitHub\The_Framework\Project\UVFrameworkHSMTemplate.uvproj
Project File Date:  03/03/2017

<h2>Output:</h2>
*** Using Compiler 'V5.06 update 4 (build 422)', folder: 'C:\Keil_v5\ARM\ARMCC\Bin'
Rebuild target 'BaseFrameworkTarget'
compiling HSMTemplateMain.c...
compiling EventCheckers.c...
compiling MapKeys.c...
compiling LOC_HSM.c...
compiling MasterHSM.c...
Source\MasterHSM.c(353): warning:  #177-D: function "DuringFree4All"  was declared but never referenced
  static ES_Event DuringFree4All(ES_Event ThisEvent)
Source\MasterHSM.c(382): warning:  #177-D: function "DuringGameComplete"  was declared but never referenced
  static ES_Event DuringGameComplete(ES_Event ThisEvent)
Source\MasterHSM.c: 2 warnings, 0 errors
compiling hardware.c...
Source\hardware.c(86): warning:  #61-D: integer operation result is out of range
  	
WREG(NVIC_PRI24)=(
WREG(NVIC_PRI24)&~
VIC_PRI24_INTD_M)|(0x6<<
VIC_PRI24_INTD_S);
Source\hardware.c(86): warning:  #68-D: integer conversion resulted in a change of sign
  	
WREG(NVIC_PRI24)=(
WREG(NVIC_PRI24)&~
VIC_PRI24_INTD_M)|(0x6<<
VIC_PRI24_INTD_S);
Source\hardware.c(183): warning:  #177-D: function "LoadingMotorInit"  was declared but never referenced
  static void LoadingMotorInit(void)
Source\hardware.c: 3 warnings, 0 errors
compiling SPI_Module.c...
compiling CheckInSM.c...
compiling ByteTransferSM.c...
compiling DrivingAlongTapeSM.c...
compiling ConstructingSM.c...
Source\ConstructingSM.c(58): warning:  #550-D: variable "LastPeriod"  was set but never used
  static uint32_t LastPeriod, DeltaAvg;
Source\ConstructingSM.c: 1 warning, 0 errors
compiling ADMulti.c...
compiling PWM_Module.c...
compiling ShootingSM.c...
compiling FiringService.c...
compiling PWM10Tiva.c...
assembling startup_rvmdk.S...
compiling EnablePA25_PB23_PD7_PF0.c...
compiling ES_CheckEvents.c...
compiling ES_DeferRecall.c...
compiling ReloadingService.c...
compiling ES_LookupTables.c...
compiling ES_Framework.c...
compiling ES_PostList.c...
Source\ES_PostList.c(27): warning:  #177-D: function "PostToList"  was declared but never referenced
  static bool PostToList(  PostFunc_t *const*FuncList, uint8_t ListSize, ES_Event NewEvent);
Source\ES_PostList.c: 1 warning, 0 errors
compiling ES_Port.c...
compiling ES_Queue.c...
compiling retarget.c...
compiling ES_Timers.c...
compiling termio.c...
compiling uartstdio.c...
linking...
Program Size: Code=14608 RO-data=1216 RW-data=184 ZI-data=4240  
After Build - User command #1: fromelf --bin --output .\Outputs\BaseTarget.bin .\Outputs\BaseTarget.axf
".\Outputs\BaseTarget.axf" - 0 Error(s), 7 Warning(s).
Build Time Elapsed:  00:00:03
</pre>
</body>
</html>
