Component: ARM Compiler 5.06 update 4 (build 422) Tool: armlink [4d35d2]

==============================================================================

Section Cross References

    hsmtemplatemain.o(i.main) refers to _printf_percent.o(.ARM.Collect$$_printf_percent$$00000000) for _printf_percent
    hsmtemplatemain.o(i.main) refers to _printf_s.o(.ARM.Collect$$_printf_percent$$00000014) for _printf_s
    hsmtemplatemain.o(i.main) refers to _printf_str.o(.text) for _printf_str
    hsmtemplatemain.o(i.main) refers to enablepa25_pb23_pd7_pf0.o(i.PortFunctionInit) for PortFunctionInit
    hsmtemplatemain.o(i.main) refers to sysctl.o(i.SysCtlClockSet) for SysCtlClockSet
    hsmtemplatemain.o(i.main) refers to termio_1.o(i.TERMIO_Init) for TERMIO_Init
    hsmtemplatemain.o(i.main) refers to puts.o(.text) for puts
    hsmtemplatemain.o(i.main) refers to noretval__2printf.o(.text) for __2printf
    hsmtemplatemain.o(i.main) refers to es_framework_1.o(i.ES_Initialize) for ES_Initialize
    hsmtemplatemain.o(i.main) refers to es_framework_1.o(i.ES_Run) for ES_Run
    admulti.o(i.ADC_MultiInit) refers to admulti.o(.data) for .data
    admulti.o(i.ADC_MultiInit) refers to admulti.o(.constdata) for .constdata
    admulti.o(i.ADC_MultiRead) refers to admulti.o(.data) for .data
    bytetransfersm.o(i.RunByteTransferSM) refers to spi_module.o(i.QueryLOC) for QueryLOC
    bytetransfersm.o(i.RunByteTransferSM) refers to es_timers_1.o(i.ES_Timer_InitTimer) for ES_Timer_InitTimer
    bytetransfersm.o(i.RunByteTransferSM) refers to bytetransfersm.o(.data) for .data
    bytetransfersm.o(i.SetBytesArray) refers to _printf_percent.o(.ARM.Collect$$_printf_percent$$00000000) for _printf_percent
    bytetransfersm.o(i.SetBytesArray) refers to _printf_i.o(.ARM.Collect$$_printf_percent$$00000008) for _printf_i
    bytetransfersm.o(i.SetBytesArray) refers to _printf_dec.o(.text) for _printf_int_dec
    bytetransfersm.o(i.SetBytesArray) refers to noretval__2printf.o(.text) for __2printf
    bytetransfersm.o(i.SetBytesArray) refers to bytetransfersm.o(.data) for .data
    bytetransfersm.o(i.StartByteTransferSM) refers to bytetransfersm.o(i.RunByteTransferSM) for RunByteTransferSM
    bytetransfersm.o(i.StartByteTransferSM) refers to bytetransfersm.o(.data) for .data
    bytetransfersm.o(i.getByte1) refers to bytetransfersm.o(.data) for .data
    bytetransfersm.o(i.getByte2) refers to bytetransfersm.o(.data) for .data
    bytetransfersm.o(i.getByte3) refers to bytetransfersm.o(.data) for .data
    bytetransfersm.o(i.getByte4) refers to bytetransfersm.o(.data) for .data
    bytetransfersm.o(i.getRR_Byte) refers to bytetransfersm.o(.data) for .data
    bytetransfersm.o(i.getRS_Byte) refers to bytetransfersm.o(.data) for .data
    bytetransfersm.o(i.getSB1_Byte) refers to bytetransfersm.o(.data) for .data
    bytetransfersm.o(i.getSB2_Byte) refers to bytetransfersm.o(.data) for .data
    bytetransfersm.o(i.getSB3_Byte) refers to bytetransfersm.o(.data) for .data
    checkinsm.o(i.ClearBadResponseCounter) refers to checkinsm.o(.data) for .data
    checkinsm.o(i.DuringReporting_1) refers to constructingsm.o(i.getPeriod) for getPeriod
    checkinsm.o(i.DuringReporting_1) refers to checkinsm.o(i.getPeriodCode) for getPeriodCode
    checkinsm.o(i.DuringReporting_1) refers to noretval__2printf.o(.text) for __2printf
    checkinsm.o(i.DuringReporting_1) refers to checkinsm.o(.data) for .data
    checkinsm.o(i.DuringReporting_1) refers to checkinsm.o(i.RunCheckInSM) for i.RunCheckInSM
    checkinsm.o(i.RunCheckInSM) refers to _printf_percent.o(.ARM.Collect$$_printf_percent$$00000000) for _printf_percent
    checkinsm.o(i.RunCheckInSM) refers to _printf_i.o(.ARM.Collect$$_printf_percent$$00000008) for _printf_i
    checkinsm.o(i.RunCheckInSM) refers to _printf_dec.o(.text) for _printf_int_dec
    checkinsm.o(i.RunCheckInSM) refers to noretval__2printf.o(.text) for __2printf
    checkinsm.o(i.RunCheckInSM) refers to checkinsm.o(i.DuringReporting_1) for DuringReporting_1
    checkinsm.o(i.RunCheckInSM) refers to masterhsm.o(i.getResponseReady) for getResponseReady
    checkinsm.o(i.RunCheckInSM) refers to masterhsm.o(i.getReportStatus) for getReportStatus
    checkinsm.o(i.RunCheckInSM) refers to constructingsm.o(i.getPeriod) for getPeriod
    checkinsm.o(i.RunCheckInSM) refers to checkinsm.o(i.getPeriodCode) for getPeriodCode
    checkinsm.o(i.RunCheckInSM) refers to masterhsm.o(i.getLocation) for getLocation
    checkinsm.o(i.RunCheckInSM) refers to es_timers_1.o(i.ES_Timer_InitTimer) for ES_Timer_InitTimer
    checkinsm.o(i.RunCheckInSM) refers to checkinsm.o(.data) for .data
    checkinsm.o(i.StartCheckInSM) refers to checkinsm.o(i.RunCheckInSM) for RunCheckInSM
    checkinsm.o(i.StartCheckInSM) refers to checkinsm.o(.data) for .data
    checkinsm.o(i.getPeriodCode) refers to noretval__2printf.o(.text) for __2printf
[...]
    i.CPUsetPRIMASK                          0x00000944   Section        0  es_port_1.o(i.CPUsetPRIMASK)
    i.Check4Keystroke                        0x0000094c   Section        0  eventcheckers.o(i.Check4Keystroke)
    i.CheckBumpSwitchEvents                  0x00000978   Section        0  bumpswitchdebounce.o(i.CheckBumpSwitchEvents)
    i.CheckTeamSwitchEvents                  0x000009b4   Section        0  teamswitchdebounce.o(i.CheckTeamSwitchEvents)
    i.ClearBadResponseCounter                0x000009f0   Section        0  checkinsm.o(i.ClearBadResponseCounter)
    i.DuringConstructing                     0x000009fc   Section        0  masterhsm.o(i.DuringConstructing)
    DuringConstructing                       0x000009fd   Thumb Code    68  masterhsm.o(i.DuringConstructing)
    i.DuringReporting_1                      0x00000ab4   Section        0  checkinsm.o(i.DuringReporting_1)
    DuringReporting_1                        0x00000ab5   Thumb Code    48  checkinsm.o(i.DuringReporting_1)
    i.EOT_Response_ISR                       0x00000aec   Section        0  spi_module.o(i.EOT_Response_ISR)
    i.ES_CheckUserEvents                     0x00000b28   Section        0  es_checkevents_1.o(i.ES_CheckUserEvents)
    i.ES_DeQueue                             0x00000b50   Section        0  es_queue_1.o(i.ES_DeQueue)
    i.ES_EnQueueFIFO                         0x00000ba4   Section        0  es_queue_1.o(i.ES_EnQueueFIFO)
    i.ES_GetMSBitSet                         0x00000bec   Section        0  es_lookuptables_1.o(i.ES_GetMSBitSet)
    i.ES_InitQueue                           0x00000c20   Section        0  es_queue_1.o(i.ES_InitQueue)
    i.ES_Initialize                          0x00000c30   Section        0  es_framework_1.o(i.ES_Initialize)
    i.ES_PostToService                       0x00000c7c   Section        0  es_framework_1.o(i.ES_PostToService)
    i.ES_Run                                 0x00000cb4   Section        0  es_framework_1.o(i.ES_Run)
    i.ES_Timer_Init                          0x00000d14   Section        0  es_timers_1.o(i.ES_Timer_Init)
    i.ES_Timer_InitTimer                     0x00000d18   Section        0  es_timers_1.o(i.ES_Timer_InitTimer)
    i.ES_Timer_Tick_Resp                     0x00000d54   Section        0  es_timers_1.o(i.ES_Timer_Tick_Resp)
    i.GPIODirModeSet                         0x00000dc0   Section        0  gpio.o(i.GPIODirModeSet)
    i.GPIOPadConfigSet                       0x00000de8   Section        0  gpio.o(i.GPIOPadConfigSet)
    i.GPIOPinConfigure                       0x00000f20   Section        0  gpio.o(i.GPIOPinConfigure)
    i.GPIOPinTypeGPIOInput                   0x00000f64   Section        0  gpio.o(i.GPIOPinTypeGPIOInput)
    i.GPIOPinTypeUART                        0x00000f80   Section        0  gpio.o(i.GPIOPinTypeUART)
    i.HallEffectOneShotTimer_ISR             0x00000f9c   Section        0  constructingsm.o(i.HallEffectOneShotTimer_ISR)
    i.HallEffect_ISR                         0x00000fbc   Section        0  constructingsm.o(i.HallEffect_ISR)
    i.InitFiringService                      0x000010b4   Section        0  firingservice.o(i.InitFiringService)
    i.InitFlywheelPWM                        0x000010d4   Section        0  pwm_module.o(i.InitFlywheelPWM)
    i.InitLOC_SM                             0x0000117c   Section        0  loc_hsm.o(i.InitLOC_SM)
    i.InitMapKeys                            0x000011ac   Section        0  mapkeys.o(i.InitMapKeys)
    i.InitMasterSM                           0x000011b8   Section        0  masterhsm.o(i.InitMasterSM)
    i.InitPWM                                0x000011f0   Section        0  pwm_module.o(i.InitPWM)
    i.InitReloadingService                   0x0000129c   Section        0  reloadingservice.o(i.InitReloadingService)
    i.InitSPI_Comm                           0x000012ac   Section        0  spi_module.o(i.InitSPI_Comm)
    i.InitServoPWM                           0x000013ec   Section        0  pwm_module.o(i.InitServoPWM)
    i.Init_Beacon_Receiver                   0x00001480   Section        0  hardware.o(i.Init_Beacon_Receiver)
    Init_Beacon_Receiver                     0x00001481   Thumb Code   166  hardware.o(i.Init_Beacon_Receiver)
    i.Init_Controller                        0x00001540   Section        0  hardware.o(i.Init_Controller)
    Init_Controller                          0x00001541   Thumb Code    96  hardware.o(i.Init_Controller)
    i.InitializeBumpSwitchDebounce           0x000015b4   Section        0  bumpswitchdebounce.o(i.InitializeBumpSwitchDebounce)
    i.InitializePins                         0x00001610   Section        0  hardware.o(i.InitializePins)
    i.InitializeTeamSwitchDebounce           0x000016c8   Section        0  teamswitchdebounce.o(i.InitializeTeamSwitchDebounce)
    i.IntMasterEnable                        0x00001724   Section        0  interrupt.o(i.IntMasterEnable)
    i.MagneticTimerInit                      0x00001734   Section        0  hardware.o(i.MagneticTimerInit)
    MagneticTimerInit                        0x00001735   Thumb Code   142  hardware.o(i.MagneticTimerInit)
    i.Motor_Controller_ISR                   0x000017d4   Section        0  hardware.o(i.Motor_Controller_ISR)
    i.PortFunctionInit                       0x000019d4   Section        0  enablepa25_pb23_pd7_pf0.o(i.PortFunctionInit)
    i.PostBumpSwitchDebounce                 0x00001a74   Section        0  bumpswitchdebounce.o(i.PostBumpSwitchDebounce)
    i.PostFiringService                      0x00001a84   Section        0  firingservice.o(i.PostFiringService)
    i.PostLOC_SM                             0x00001a94   Section        0  loc_hsm.o(i.PostLOC_SM)
    i.PostMapKeys                            0x00001aa4   Section        0  mapkeys.o(i.PostMapKeys)
    i.PostMasterSM                           0x00001ab4   Section        0  masterhsm.o(i.PostMasterSM)
    i.PostReloadingService                   0x00001ac4   Section        0  reloadingservice.o(i.PostReloadingService)
    i.PostTeamSwitchDebounce                 0x00001ad4   Section        0  teamswitchdebounce.o(i.PostTeamSwitchDebounce)
    i.QueryLOC                               0x00001ae4   Section        0  spi_module.o(i.QueryLOC)
    i.RunBumpSwitchDebounceSM                0x00001b0c   Section        0  bumpswitchdebounce.o(i.RunBumpSwitchDebounceSM)
    i.RunByteTransferSM                      0x00001b68   Section        0  bytetransfersm.o(i.RunByteTransferSM)
    i.RunCheckInSM                           0x00001bec   Section        0  checkinsm.o(i.RunCheckInSM)
    i.RunConstructingSM                      0x00001e84   Section        0  constructingsm.o(i.RunConstructingSM)
    i.RunDrivingAlongTapeSM                  0x000021c0   Section        0  drivingalongtapesm.o(i.RunDrivingAlongTapeSM)
    i.RunFiringService                       0x00002394   Section        0  firingservice.o(i.RunFiringService)
    i.RunLOC_SM                              0x000024b4   Section        0  loc_hsm.o(i.RunLOC_SM)
    i.RunMapKeys                             0x0000253c   Section        0  mapkeys.o(i.RunMapKeys)
    i.RunMasterSM                            0x00002b30   Section        0  masterhsm.o(i.RunMasterSM)
    i.RunReloadingService                    0x00002cd4   Section        0  reloadingservice.o(i.RunReloadingService)
    i.RunShootingSM                          0x00002e18   Section        0  shootingsm.o(i.RunShootingSM)
    i.RunTeamSwitchDebounceSM                0x000030fc   Section        0  teamswitchdebounce.o(i.RunTeamSwitchDebounceSM)
    i.SetBytesArray                          0x00003150   Section        0  bytetransfersm.o(i.SetBytesArray)
    i.SetDirectionA                          0x0000317c   Section        0  pwm_module.o(i.SetDirectionA)
    i.SetDirectionB                          0x000031b8   Section        0  pwm_module.o(i.SetDirectionB)
    i.SetDutyA                               0x000031f8   Section        0  pwm_module.o(i.SetDutyA)
    i.SetDutyB                               0x0000325c   Section        0  pwm_module.o(i.SetDutyB)
    i.SetFlywheelDuty                        0x000032c0   Section        0  pwm_module.o(i.SetFlywheelDuty)
    i.SetMotorController                     0x00003320   Section        0  hardware.o(i.SetMotorController)
    i.SetRR_Byte                             0x00003394   Section        0  masterhsm.o(i.SetRR_Byte)
    i.SetRS_Byte                             0x000033a0   Section        0  masterhsm.o(i.SetRS_Byte)
    i.SetSB3_Byte                            0x000033ac   Section        0  masterhsm.o(i.SetSB3_Byte)
    i.SetServoPosition                       0x000033b8   Section        0  pwm_module.o(i.SetServoPosition)
    i.StartByteTransferSM                    0x000033d8   Section        0  bytetransfersm.o(i.StartByteTransferSM)
    i.StartCheckInSM                         0x000033e8   Section        0  checkinsm.o(i.StartCheckInSM)
    i.StartConstructingSM                    0x000033f8   Section        0  constructingsm.o(i.StartConstructingSM)
    i.StartDrivingAlongTapeSM                0x00003414   Section        0  drivingalongtapesm.o(i.StartDrivingAlongTapeSM)
    i.StartLOC_SM                            0x00003428   Section        0  loc_hsm.o(i.StartLOC_SM)
    i.StartMasterSM                          0x00003438   Section        0  masterhsm.o(i.StartMasterSM)
    i.StartShootingSM                        0x00003448   Section        0  shootingsm.o(i.StartShootingSM)
    i.SysCtlClockSet                         0x00003458   Section        0  sysctl.o(i.SysCtlClockSet)
    i.SysCtlPeripheralEnable                 0x00003578   Section        0  sysctl.o(i.SysCtlPeripheralEnable)
    i.SysTickEnable                          0x000035a0   Section        0  systick.o(i.SysTickEnable)
    i.SysTickIntEnable                       0x000035ae   Section        0  systick.o(i.SysTickIntEnable)
    i.SysTickIntHandler                      0x000035bc   Section        0  es_port_1.o(i.SysTickIntHandler)
    i.SysTickPeriodSet                       0x000035d0   Section        0  systick.o(i.SysTickPeriodSet)
    i.TERMIO_GetChar                         0x000035da   Section        0  termio_1.o(i.TERMIO_GetChar)
    i.TERMIO_Init                            0x000035e0   Section        0  termio_1.o(i.TERMIO_Init)
    i.TERMIO_PutChar                         0x00003630   Section        0  termio_1.o(i.TERMIO_PutChar)
    i.UARTCharPut                            0x0000363c   Section        0  uart.o(i.UARTCharPut)
    i.UARTClockSourceSet                     0x00003648   Section        0  uart.o(i.UARTClockSourceSet)
    i.UARTStdioConfig                        0x00003650   Section        0  uartstdio_1.o(i.UARTStdioConfig)
    i.UARTgetc                               0x000036ac   Section        0  uartstdio_1.o(i.UARTgetc)
    i.UpdateStatus                           0x000036c4   Section        0  constructingsm.o(i.UpdateStatus)
    i._HW_Process_Pending_Ints               0x000036ec   Section        0  es_port_1.o(i._HW_Process_Pending_Ints)
    i._HW_Timer_Init                         0x0000370c   Section        0  es_port_1.o(i._HW_Timer_Init)
    i._sys_exit                              0x00003722   Section        0  retarget_1.o(i._sys_exit)
    i.decrementBallCount                     0x00003724   Section        0  masterhsm.o(i.decrementBallCount)
    i.ferror                                 0x00003738   Section        0  retarget_1.o(i.ferror)
    i.fgetc                                  0x0000373e   Section        0  retarget_1.o(i.fgetc)
    i.fputc                                  0x00003742   Section        0  retarget_1.o(i.fputc)
    i.getActiveStageGreen                    0x00003750   Section        0  masterhsm.o(i.getActiveStageGreen)
    i.getActiveStageRed                      0x00003760   Section        0  masterhsm.o(i.getActiveStageRed)
    i.getBallCount                           0x00003770   Section        0  masterhsm.o(i.getBallCount)
    i.getGameState                           0x0000377c   Section        0  masterhsm.o(i.getGameState)
    i.getGameTimeoutFlag                     0x00003788   Section        0  constructingsm.o(i.getGameTimeoutFlag)
    i.getLastStation                         0x00003794   Section        0  drivingalongtapesm.o(i.getLastStation)
    i.getLocation                            0x000037a0   Section        0  masterhsm.o(i.getLocation)
    i.getPeriod                              0x000037b0   Section        0  constructingsm.o(i.getPeriod)
    i.getPeriodCode                          0x000037bc   Section        0  checkinsm.o(i.getPeriodCode)
    i.getRS_Byte                             0x0000390c   Section        0  bytetransfersm.o(i.getRS_Byte)
    i.getReportStatus                        0x00003918   Section        0  masterhsm.o(i.getReportStatus)
    i.getResponseReady                       0x00003924   Section        0  masterhsm.o(i.getResponseReady)
    i.getSB3_Byte                            0x00003930   Section        0  bytetransfersm.o(i.getSB3_Byte)
    i.getScore                               0x0000393c   Section        0  constructingsm.o(i.getScore)
    i.getScoreGreen                          0x00003948   Section        0  masterhsm.o(i.getScoreGreen)
    i.getScoreRed                            0x00003958   Section        0  masterhsm.o(i.getScoreRed)
    i.getTargetGoal                          0x00003968   Section        0  constructingsm.o(i.getTargetGoal)
    i.getTeamColor                           0x00003974   Section        0  masterhsm.o(i.getTeamColor)
    i.incrementBallCount                     0x00003980   Section        0  masterhsm.o(i.incrementBallCount)
    i.incrementScore                         0x00003990   Section        0  constructingsm.o(i.incrementScore)
    i.kbhit                                  0x000039a0   Section        0  termio_1.o(i.kbhit)
    i.main                                   0x000039b4   Section        0  hsmtemplatemain.o(i.main)
    i.setGameTimeoutFlag                     0x00003afc   Section        0  constructingsm.o(i.setGameTimeoutFlag)
    locale$$code                             0x00003b08   Section       44  lc_ctype_c.o(locale$$code)
    x$fpl$fpinit                             0x00003b34   Section       10  fpinit.o(x$fpl$fpinit)
    $v0                                      0x00003b34   Number         0  fpinit.o(x$fpl$fpinit)
    .constdata                               0x00003b40   Section       48  admulti.o(.constdata)
    HowMany2Mask                             0x00003b40   Data          16  admulti.o(.constdata)
    HowMany2Mux                              0x00003b50   Data          16  admulti.o(.constdata)
    HowMany2CTL                              0x00003b60   Data          16  admulti.o(.constdata)
    .constdata                               0x00003b70   Section       12  es_checkevents_1.o(.constdata)
    ES_EventList                             0x00003b70   Data          12  es_checkevents_1.o(.constdata)
    .constdata                               0x00003b7c   Section      112  es_framework_1.o(.constdata)
    ServDescList                             0x00003b7c   Data          56  es_framework_1.o(.constdata)
    EventQueues                              0x00003bb4   Data          56  es_framework_1.o(.constdata)
    .constdata                               0x00003bec   Section       32  es_lookuptables_1.o(.constdata)
    .constdata                               0x00003c0c   Section       15  es_lookuptables_1.o(.constdata)
    .constdata                               0x00003c1c   Section       64  es_timers_1.o(.constdata)
    Timer2PostFunc                           0x00003c1c   Data          64  es_timers_1.o(.constdata)
    .constdata                               0x00003c5c   Section       28  uartstdio_1.o(.constdata)
    g_pcHex                                  0x00003c5c   Data           4  uartstdio_1.o(.constdata)
    g_ui32UARTBase                           0x00003c60   Data          12  uartstdio_1.o(.constdata)
    g_ui32UARTPeriph                         0x00003c6c   Data          12  uartstdio_1.o(.constdata)
    .constdata                               0x00003c78   Section      552  gpio.o(.constdata)
    g_ppui32GPIOIntMapBlizzard               0x00003c78   Data         192  gpio.o(.constdata)
    g_ppui32GPIOIntMapSnowflake              0x00003d38   Data         216  gpio.o(.constdata)
    g_pui32GPIOBaseAddrs                     0x00003e10   Data         144  gpio.o(.constdata)
    .conststring                             0x00003ea0   Section       68  mapkeys.o(.conststring)
    .conststring                             0x00003ee4   Section       17  uartstdio_1.o(.conststring)
    locale$$data                             0x00003f18   Section      272  lc_ctype_c.o(locale$$data)
    __lcctype_c_name                         0x00003f1c   Data           2  lc_ctype_c.o(locale$$data)
    __lcctype_c_start                        0x00003f24   Data           0  lc_ctype_c.o(locale$$data)
    __lcctype_c_end                          0x00004028   Data           0  lc_ctype_c.o(locale$$data)
    .data                                    0x20000000   Section        1  admulti.o(.data)
    NumChannelsConverting                    0x20000000   Data           1  admulti.o(.data)
    .data                                    0x20000001   Section        7  bytetransfersm.o(.data)
    CurrentState                             0x20000001   Data           1  bytetransfersm.o(.data)
    command                                  0x20000002   Data           1  bytetransfersm.o(.data)
    BytesArray                               0x20000003   Data           5  bytetransfersm.o(.data)
    .data                                    0x20000008   Section       14  checkinsm.o(.data)
    BadResponseCounter                       0x20000008   Data           1  checkinsm.o(.data)
    MakeTransition                           0x20000009   Data           1  checkinsm.o(.data)
    CurrentState                             0x2000000a   Data           1  checkinsm.o(.data)
    ResponseReady                            0x2000000b   Data           1  checkinsm.o(.data)
    ReportStatus                             0x2000000c   Data           1  checkinsm.o(.data)
    Byte2Write                               0x2000000d   Data           1  checkinsm.o(.data)
    EntryEvent                               0x2000000e   Data           4  checkinsm.o(.data)
    ReturnEvent                              0x20000012   Data           4  checkinsm.o(.data)
    .data                                    0x20000018   Section       28  constructingsm.o(.data)
    HasLeftStage                             0x20000018   Data           1  constructingsm.o(.data)
    GameTimeoutFlag                          0x20000019   Data           1  constructingsm.o(.data)
    initHallEffect                           0x2000001a   Data           1  constructingsm.o(.data)
    counter                                  0x2000001b   Data           1  constructingsm.o(.data)
    deltacounter                             0x2000001c   Data           1  constructingsm.o(.data)
    CurrentState                             0x2000001d   Data           1  constructingsm.o(.data)
    TeamColor                                0x2000001e   Data           1  constructingsm.o(.data)
    TargetStation                            0x2000001f   Data           1  constructingsm.o(.data)
    TargetGoal                               0x20000020   Data           1  constructingsm.o(.data)
    Score                                    0x20000021   Data           1  constructingsm.o(.data)
    Throwaway                                0x20000022   Data           2  constructingsm.o(.data)
    LastCapture                              0x20000024   Data           4  constructingsm.o(.data)
    HallSensorPeriod                         0x20000028   Data           4  constructingsm.o(.data)
    LastPeriod                               0x2000002c   Data           4  constructingsm.o(.data)
    DeltaAvg                                 0x20000030   Data           4  constructingsm.o(.data)
    .data                                    0x20000034   Section        4  drivingalongtapesm.o(.data)
    LastStation                              0x20000034   Data           1  drivingalongtapesm.o(.data)
    CurrentState                             0x20000035   Data           1  drivingalongtapesm.o(.data)
    TargetStation                            0x20000036   Data           1  drivingalongtapesm.o(.data)
    Direction                                0x20000037   Data           1  drivingalongtapesm.o(.data)
    .data                                    0x20000038   Section       32  hardware.o(.data)
    Controller                               0x20000038   Data           1  hardware.o(.data)
    LastController                           0x20000039   Data           1  hardware.o(.data)
    LeftCommand                              0x2000003a   Data           1  hardware.o(.data)
    RightCommand                             0x2000003b   Data           1  hardware.o(.data)
    RightResonanceSensor                     0x2000003c   Data           1  hardware.o(.data)
    LeftResonanceSensor                      0x2000003d   Data           1  hardware.o(.data)
    TapeWatchFlag                            0x2000003e   Data           1  hardware.o(.data)
    ISR_Flag                                 0x2000003f   Data           1  hardware.o(.data)
    TapeCounter                              0x20000040   Data           1  hardware.o(.data)
    counter                                  0x20000041   Data           1  hardware.o(.data)
    LastError_POS                            0x20000044   Data           4  hardware.o(.data)
    LastControl_POS                          0x20000048   Data           4  hardware.o(.data)
    Kp_POS                                   0x2000004c   Data           4  hardware.o(.data)
    Kd_POS                                   0x20000050   Data           4  hardware.o(.data)
    LastTime                                 0x20000054   Data           4  hardware.o(.data)
    .data                                    0x20000058   Section        2  loc_hsm.o(.data)
    CurrentState                             0x20000058   Data           1  loc_hsm.o(.data)
    MyPriority                               0x20000059   Data           1  loc_hsm.o(.data)
    .data                                    0x2000005a   Section        1  mapkeys.o(.data)
    MyPriority                               0x2000005a   Data           1  mapkeys.o(.data)
    .data                                    0x2000005b   Section       10  masterhsm.o(.data)
    myPriority                               0x2000005b   Data           1  masterhsm.o(.data)
    CurrentState                             0x2000005c   Data           1  masterhsm.o(.data)
    TeamColor                                0x2000005d   Data           1  masterhsm.o(.data)
    GameState                                0x2000005e   Data           1  masterhsm.o(.data)
    SB1_Byte                                 0x2000005f   Data           1  masterhsm.o(.data)
    SB2_Byte                                 0x20000060   Data           1  masterhsm.o(.data)
    SB3_Byte                                 0x20000061   Data           1  masterhsm.o(.data)
    RR_Byte                                  0x20000062   Data           1  masterhsm.o(.data)
    RS_Byte                                  0x20000063   Data           1  masterhsm.o(.data)
    BallCount                                0x20000064   Data           1  masterhsm.o(.data)
    .data                                    0x20000068   Section       24  pwm_module.o(.data)
    LastDirA                                 0x20000068   Data           1  pwm_module.o(.data)
    LastDirB                                 0x20000069   Data           1  pwm_module.o(.data)
    restoreA                                 0x2000006a   Data           1  pwm_module.o(.data)
    restoreB                                 0x2000006b   Data           1  pwm_module.o(.data)
    restoreFW                                0x2000006c   Data           1  pwm_module.o(.data)
    newCmp                                   0x20000070   Data           4  pwm_module.o(.data)
    newCmp                                   0x20000074   Data           4  pwm_module.o(.data)
    newCmp                                   0x20000078   Data           4  pwm_module.o(.data)
    newCmp                                   0x2000007c   Data           4  pwm_module.o(.data)
    .data                                    0x20000080   Section        3  reloadingservice.o(.data)
    MyPriority                               0x20000080   Data           1  reloadingservice.o(.data)
    CurrentState                             0x20000081   Data           1  reloadingservice.o(.data)
    PulseCounter                             0x20000082   Data           1  reloadingservice.o(.data)
    .data                                    0x20000083   Section        5  shootingsm.o(.data)
    GameTimeoutFlag                          0x20000083   Data           1  shootingsm.o(.data)
    ExitShootingFlag                         0x20000084   Data           1  shootingsm.o(.data)
    Score                                    0x20000085   Data           1  shootingsm.o(.data)
    BallCount                                0x20000086   Data           1  shootingsm.o(.data)
    CurrentState                             0x20000087   Data           1  shootingsm.o(.data)
    .data                                    0x20000088   Section        2  firingservice.o(.data)
    MyPriority                               0x20000088   Data           1  firingservice.o(.data)
    CurrentState                             0x20000089   Data           1  firingservice.o(.data)
    .data                                    0x2000008a   Section        3  bumpswitchdebounce.o(.data)
    MyPriority                               0x2000008a   Data           1  bumpswitchdebounce.o(.data)
    LastBumpSwitchState                      0x2000008b   Data           1  bumpswitchdebounce.o(.data)
    CurrentState                             0x2000008c   Data           1  bumpswitchdebounce.o(.data)
    .data                                    0x2000008d   Section        3  teamswitchdebounce.o(.data)
    MyPriority                               0x2000008d   Data           1  teamswitchdebounce.o(.data)
    LastTeamSwitchState                      0x2000008e   Data           1  teamswitchdebounce.o(.data)
    CurrentState                             0x2000008f   Data           1  teamswitchdebounce.o(.data)
    .data                                    0x20000090   Section        6  es_framework_1.o(.data)
    ThisEvent                                0x20000092   Data           4  es_framework_1.o(.data)
    .data                                    0x20000096   Section        4  es_port_1.o(.data)
    TickCount                                0x20000096   Data           1  es_port_1.o(.data)
    SysTickCounter                           0x20000098   Data           2  es_port_1.o(.data)
    .data                                    0x2000009c   Section        4  es_queue_1.o(.data)
    .data                                    0x200000a0   Section       10  es_timers_1.o(.data)
    NextTimer2Process                        0x200000a0   Data           1  es_timers_1.o(.data)
    NeedsProcessing                          0x200000a2   Data           2  es_timers_1.o(.data)
    TMR_ActiveFlags                          0x200000a4   Data           2  es_timers_1.o(.data)
    NewEvent                                 0x200000a6   Data           4  es_timers_1.o(.data)
    .data                                    0x200000ac   Section        4  retarget_1.o(.data)
    .data                                    0x200000b0   Section        4  retarget_1.o(.data)
    .data                                    0x200000b4   Section        8  uartstdio_1.o(.data)
    bLastWasCR                               0x200000b4   Data           1  uartstdio_1.o(.data)
    g_ui32Base                               0x200000b8   Data           4  uartstdio_1.o(.data)
    .bss                                     0x200000bc   Section     1600  constructingsm.o(.bss)
    LastTen                                  0x200000bc   Data         800  constructingsm.o(.bss)
    LastDeltas                               0x200003dc   Data         800  constructingsm.o(.bss)
    .bss                                     0x200006fc   Section      160  hardware.o(.bss)
    RightResonanceHistory                    0x200006fc   Data          80  hardware.o(.bss)
    LeftResonanceHistory                     0x2000074c   Data          80  hardware.o(.bss)
    .bss                                     0x2000079c   Section       12  es_framework_1.o(.bss)
    Queue0                                   0x2000079c   Data          12  es_framework_1.o(.bss)
    .bss                                     0x200007a8   Section       16  es_framework_1.o(.bss)
    Queue1                                   0x200007a8   Data          16  es_framework_1.o(.bss)
    .bss                                     0x200007b8   Section       16  es_framework_1.o(.bss)
    Queue2                                   0x200007b8   Data          16  es_framework_1.o(.bss)
    .bss                                     0x200007c8   Section       16  es_framework_1.o(.bss)
    Queue3                                   0x200007c8   Data          16  es_framework_1.o(.bss)
    .bss                                     0x200007d8   Section       16  es_framework_1.o(.bss)
    Queue4                                   0x200007d8   Data          16  es_framework_1.o(.bss)
    .bss                                     0x200007e8   Section       16  es_framework_1.o(.bss)
    Queue5                                   0x200007e8   Data          16  es_framework_1.o(.bss)
    .bss                                     0x200007f8   Section       16  es_framework_1.o(.bss)
    Queue6                                   0x200007f8   Data          16  es_framework_1.o(.bss)
    .bss                                     0x20000808   Section       32  es_timers_1.o(.bss)
    TMR_TimerArray                           0x20000808   Data          32  es_timers_1.o(.bss)
    .bss                                     0x20000828   Section      228  rand.o(.bss)
    .bss                                     0x2000090c   Section       96  libspace.o(.bss)
    HEAP                                     0x20000970   Section        0  startup_rvmdk.o(HEAP)
    STACK                                    0x20000970   Section     2048  startup_rvmdk.o(STACK)
    HeapMem                                  0x20000970   Data           0  startup_rvmdk.o(HEAP)
    StackMem                                 0x20000970   Data           0  startup_rvmdk.o(STACK)

    Global Symbols

    Symbol Name                              Value     Ov Type        Size  Object(Section)

    BuildAttributes$$THM_ISAv4$E$P$D$K$B$S$7EM$VFPi3$EXTD16$VFPS$VFMA$PE$A:L22UL41UL21$X:L11$S22US41US21$IEEE1$IW$USESV6$~STKCKD$USESV7$~SHL$OTIME$ROPI$EBA8$UX$STANDARDLIB$REQ8$PRES8$EABIv2 0x00000000   Number         0  anon$$obj.o ABSOLUTE
    __ARM_use_no_argv                        0x00000000   Number         0  hsmtemplatemain.o ABSOLUTE
    __Vectors                                0x00000000   Data           0  startup_rvmdk.o(RESET)
    __ARM_exceptions_init                     - Undefined Weak Reference
    __alloca_initialize                       - Undefined Weak Reference
    __arm_preinit_                            - Undefined Weak Reference
    __cpp_initialize__aeabi_                  - Undefined Weak Reference
    __cxa_finalize                            - Undefined Weak Reference
    __sigvec_lookup                           - Undefined Weak Reference
    _atexit_init                              - Undefined Weak Reference
    _call_atexit_fns                          - Undefined Weak Reference
    _clock_init                               - Undefined Weak Reference
    _fp_trap_init                             - Undefined Weak Reference
    _fp_trap_shutdown                         - Undefined Weak Reference
    _get_lc_collate                           - Undefined Weak Reference
    _get_lc_monetary                          - Undefined Weak Reference
    _get_lc_numeric                           - Undefined Weak Reference
    _get_lc_time                              - Undefined Weak Reference
    _getenv_init                              - Undefined Weak Reference
    _handle_redirection                       - Undefined Weak Reference
    _init_alloc                               - Undefined Weak Reference
    _init_user_alloc                          - Undefined Weak Reference
    _initio                                   - Undefined Weak Reference
    _printf_mbtowc                            - Undefined Weak Reference
    _printf_post_padding                      - Undefined Weak Reference
    _printf_pre_padding                       - Undefined Weak Reference
    _printf_truncate_signed                   - Undefined Weak Reference
    _printf_truncate_unsigned                 - Undefined Weak Reference
    _signal_finish                            - Undefined Weak Reference
    _signal_init                              - Undefined Weak Reference
    _terminate_alloc                          - Undefined Weak Reference
    _terminate_user_alloc                     - Undefined Weak Reference
    _terminateio                              - Undefined Weak Reference
    Reset_Handler                            0x0000026d   Thumb Code     0  startup_rvmdk.o(RESET)
    __main                                   0x00000289   Thumb Code     8  __main.o(!!!main)
    __scatterload                            0x00000291   Thumb Code     0  __scatter.o(!!!scatter)
    __scatterload_rt2                        0x00000291   Thumb Code    44  __scatter.o(!!!scatter)
    __scatterload_rt2_thumb_only             0x00000291   Thumb Code     0  __scatter.o(!!!scatter)
    __scatterload_null                       0x0000029f   Thumb Code     0  __scatter.o(!!!scatter)
    __scatterload_copy                       0x000002c5   Thumb Code    26  __scatter_copy.o(!!handler_copy)
    __scatterload_zeroinit                   0x000002e1   Thumb Code    28  __scatter_zi.o(!!handler_zi)
    _printf_i                                0x000002fd   Thumb Code     0  _printf_i.o(.ARM.Collect$$_printf_percent$$00000008)
    _printf_percent                          0x000002fd   Thumb Code     0  _printf_percent.o(.ARM.Collect$$_printf_percent$$00000000)
    _printf_d                                0x00000303   Thumb Code     0  _printf_d.o(.ARM.Collect$$_printf_percent$$00000009)
    _printf_s                                0x00000309   Thumb Code     0  _printf_s.o(.ARM.Collect$$_printf_percent$$00000014)
    _printf_percent_end                      0x0000030f   Thumb Code     0  _printf_percent_end.o(.ARM.Collect$$_printf_percent$$00000017)
    __rt_lib_init                            0x00000313   Thumb Code     0  libinit.o(.ARM.Collect$$libinit$$00000000)
    __rt_lib_init_fp_1                       0x00000315   Thumb Code     0  libinit2.o(.ARM.Collect$$libinit$$00000001)
    __rt_lib_init_heap_1                     0x00000319   Thumb Code     0  libinit2.o(.ARM.Collect$$libinit$$0000000A)
    __rt_lib_init_preinit_1                  0x00000319   Thumb Code     0  libinit2.o(.ARM.Collect$$libinit$$00000004)
    __rt_lib_init_rand_2                     0x00000319   Thumb Code     0  libinit2.o(.ARM.Collect$$libinit$$0000000D)
    __rt_lib_init_user_alloc_1               0x00000319   Thumb Code     0  libinit2.o(.ARM.Collect$$libinit$$0000000C)
    __rt_lib_init_lc_common                  0x0000031d   Thumb Code     0  libinit2.o(.ARM.Collect$$libinit$$0000000F)
    __rt_lib_init_rand_1                     0x0000031d   Thumb Code     0  libinit2.o(.ARM.Collect$$libinit$$0000000E)
    __rt_lib_init_lc_collate_1               0x00000323   Thumb Code     0  libinit2.o(.ARM.Collect$$libinit$$00000011)
    __rt_lib_init_lc_ctype_2                 0x00000323   Thumb Code     0  libinit2.o(.ARM.Collect$$libinit$$00000012)
    __rt_lib_init_alloca_1                   0x0000032f   Thumb Code     0  libinit2.o(.ARM.Collect$$libinit$$0000002E)
    __rt_lib_init_argv_1                     0x0000032f   Thumb Code     0  libinit2.o(.ARM.Collect$$libinit$$0000002C)
    __rt_lib_init_atexit_1                   0x0000032f   Thumb Code     0  libinit2.o(.ARM.Collect$$libinit$$0000001B)
    __rt_lib_init_clock_1                    0x0000032f   Thumb Code     0  libinit2.o(.ARM.Collect$$libinit$$00000021)
    __rt_lib_init_cpp_1                      0x0000032f   Thumb Code     0  libinit2.o(.ARM.Collect$$libinit$$00000032)
    __rt_lib_init_exceptions_1               0x0000032f   Thumb Code     0  libinit2.o(.ARM.Collect$$libinit$$00000030)
    __rt_lib_init_fp_trap_1                  0x0000032f   Thumb Code     0  libinit2.o(.ARM.Collect$$libinit$$0000001F)
    __rt_lib_init_getenv_1                   0x0000032f   Thumb Code     0  libinit2.o(.ARM.Collect$$libinit$$00000023)
    __rt_lib_init_lc_ctype_1                 0x0000032f   Thumb Code     0  libinit2.o(.ARM.Collect$$libinit$$00000013)
    __rt_lib_init_lc_monetary_1              0x0000032f   Thumb Code     0  libinit2.o(.ARM.Collect$$libinit$$00000015)
    __rt_lib_init_lc_numeric_1               0x0000032f   Thumb Code     0  libinit2.o(.ARM.Collect$$libinit$$00000017)
    __rt_lib_init_lc_time_1                  0x0000032f   Thumb Code     0  libinit2.o(.ARM.Collect$$libinit$$00000019)
    __rt_lib_init_return                     0x0000032f   Thumb Code     0  libinit2.o(.ARM.Collect$$libinit$$00000033)
    __rt_lib_init_signal_1                   0x0000032f   Thumb Code     0  libinit2.o(.ARM.Collect$$libinit$$0000001D)
    __rt_lib_init_stdio_1                    0x0000032f   Thumb Code     0  libinit2.o(.ARM.Collect$$libinit$$00000025)
    __rt_lib_shutdown                        0x00000331   Thumb Code     0  libshutdown.o(.ARM.Collect$$libshutdown$$00000000)
    __rt_lib_shutdown_cpp_1                  0x00000333   Thumb Code     0  libshutdown2.o(.ARM.Collect$$libshutdown$$00000002)
    __rt_lib_shutdown_fp_trap_1              0x00000333   Thumb Code     0  libshutdown2.o(.ARM.Collect$$libshutdown$$00000007)
    __rt_lib_shutdown_heap_1                 0x00000333   Thumb Code     0  libshutdown2.o(.ARM.Collect$$libshutdown$$0000000F)
    __rt_lib_shutdown_return                 0x00000333   Thumb Code     0  libshutdown2.o(.ARM.Collect$$libshutdown$$00000010)
    __rt_lib_shutdown_signal_1               0x00000333   Thumb Code     0  libshutdown2.o(.ARM.Collect$$libshutdown$$0000000A)
    __rt_lib_shutdown_stdio_1                0x00000333   Thumb Code     0  libshutdown2.o(.ARM.Collect$$libshutdown$$00000004)
    __rt_lib_shutdown_user_alloc_1           0x00000333   Thumb Code     0  libshutdown2.o(.ARM.Collect$$libshutdown$$0000000C)
    __rt_entry                               0x00000335   Thumb Code     0  __rtentry.o(.ARM.Collect$$rtentry$$00000000)
    __rt_entry_presh_1                       0x00000335   Thumb Code     0  __rtentry2.o(.ARM.Collect$$rtentry$$00000002)
    __rt_entry_sh                            0x00000335   Thumb Code     0  __rtentry4.o(.ARM.Collect$$rtentry$$00000004)
    __rt_entry_li                            0x0000033b   Thumb Code     0  __rtentry2.o(.ARM.Collect$$rtentry$$0000000A)
    __rt_entry_postsh_1                      0x0000033b   Thumb Code     0  __rtentry2.o(.ARM.Collect$$rtentry$$00000009)
    __rt_entry_main                          0x0000033f   Thumb Code     0  __rtentry2.o(.ARM.Collect$$rtentry$$0000000D)
    __rt_entry_postli_1                      0x0000033f   Thumb Code     0  __rtentry2.o(.ARM.Collect$$rtentry$$0000000C)
    __rt_exit                                0x00000347   Thumb Code     0  rtexit.o(.ARM.Collect$$rtexit$$00000000)
    __rt_exit_ls                             0x00000349   Thumb Code     0  rtexit2.o(.ARM.Collect$$rtexit$$00000003)
    __rt_exit_prels_1                        0x00000349   Thumb Code     0  rtexit2.o(.ARM.Collect$$rtexit$$00000002)
    __rt_exit_exit                           0x0000034d   Thumb Code     0  rtexit2.o(.ARM.Collect$$rtexit$$00000004)
    SysCtlDelay                              0x00000355   Thumb Code     6  sysctl.o(.emb_text)
    CPUcpsid                                 0x0000035d   Thumb Code     8  cpu.o(.emb_text)
    CPUprimask                               0x00000365   Thumb Code     6  cpu.o(.emb_text)
    CPUcpsie                                 0x0000036b   Thumb Code     8  cpu.o(.emb_text)
    CPUwfi                                   0x00000373   Thumb Code     4  cpu.o(.emb_text)
    CPUbasepriSet                            0x00000377   Thumb Code     6  cpu.o(.emb_text)
    CPUbasepriGet                            0x0000037d   Thumb Code     6  cpu.o(.emb_text)
    rand                                     0x00000385   Thumb Code    48  rand.o(.emb_text)
    __user_initial_stackheap                 0x000003b9   Thumb Code     0  startup_rvmdk.o(.text)
    __I$use$semihosting                      0x000003d1   Thumb Code     0  use_no_semi.o(.text)
    __use_no_semihosting_swi                 0x000003d1   Thumb Code     2  use_no_semi.o(.text)
    toupper                                  0x000003d3   Thumb Code    30  toupper.o(.text)
    __2printf                                0x000003f1   Thumb Code    20  noretval__2printf.o(.text)
    __printf                                 0x00000409   Thumb Code   104  __printf.o(.text)
    _printf_str                              0x00000471   Thumb Code    82  _printf_str.o(.text)
    _printf_int_dec                          0x000004c5   Thumb Code   104  _printf_dec.o(.text)
    getc                                     0x0000053d   Thumb Code     4  getc.o(.text)
    puts                                     0x00000541   Thumb Code    40  puts.o(.text)
    srand                                    0x0000056d   Thumb Code    42  rand.o(.text)
    _rand_init                               0x00000597   Thumb Code     4  rand.o(.text)
    __use_two_region_memory                  0x000005a9   Thumb Code     2  heapauxi.o(.text)
    __rt_heap_escrow$2region                 0x000005ab   Thumb Code     2  heapauxi.o(.text)
    __rt_heap_expand$2region                 0x000005ad   Thumb Code     2  heapauxi.o(.text)
    __rt_ctype_table                         0x000005b1   Thumb Code    16  rt_ctype_table.o(.text)
    _printf_int_common                       0x000005c1   Thumb Code   178  _printf_intcommon.o(.text)
    _printf_cs_common                        0x00000673   Thumb Code    20  _printf_char.o(.text)
    _printf_char                             0x00000687   Thumb Code    16  _printf_char.o(.text)
    _printf_string                           0x00000697   Thumb Code     8  _printf_char.o(.text)
    _printf_char_file                        0x000006a1   Thumb Code    32  _printf_char_file.o(.text)
    __rt_locale                              0x000006c5   Thumb Code     8  rt_locale_intlibspace.o(.text)
    _printf_char_common                      0x000006d7   Thumb Code    32  _printf_char_common.o(.text)
    __user_libspace                          0x000006fd   Thumb Code     8  libspace.o(.text)
    __user_perproc_libspace                  0x000006fd   Thumb Code     0  libspace.o(.text)
    __user_perthread_libspace                0x000006fd   Thumb Code     0  libspace.o(.text)
    __user_setup_stackheap                   0x00000705   Thumb Code    74  sys_stackheap_outer.o(.text)
    exit                                     0x0000074f   Thumb Code    18  exit.o(.text)
    strcmp                                   0x00000761   Thumb Code   128  strcmpv7m.o(.text)
    ADC_MultiInit                            0x000007e1   Thumb Code   170  admulti.o(i.ADC_MultiInit)
    ADC_MultiRead                            0x000008a9   Thumb Code    46  admulti.o(i.ADC_MultiRead)
    Beacon_Receiver_ISR                      0x000008e1   Thumb Code    80  hardware.o(i.Beacon_Receiver_ISR)
    CPUgetPRIMASK_cpsid                      0x0000093d   Thumb Code     8  es_port_1.o(i.CPUgetPRIMASK_cpsid)
    CPUsetPRIMASK                            0x00000945   Thumb Code     6  es_port_1.o(i.CPUsetPRIMASK)
    Check4Keystroke                          0x0000094d   Thumb Code    40  eventcheckers.o(i.Check4Keystroke)
    CheckBumpSwitchEvents                    0x00000979   Thumb Code    52  bumpswitchdebounce.o(i.CheckBumpSwitchEvents)
    CheckTeamSwitchEvents                    0x000009b5   Thumb Code    52  teamswitchdebounce.o(i.CheckTeamSwitchEvents)
    ClearBadResponseCounter                  0x000009f1   Thumb Code     8  checkinsm.o(i.ClearBadResponseCounter)
    EOT_Response_ISR                         0x00000aed   Thumb Code    54  spi_module.o(i.EOT_Response_ISR)
    ES_CheckUserEvents                       0x00000b29   Thumb Code    34  es_checkevents_1.o(i.ES_CheckUserEvents)
    ES_DeQueue                               0x00000b51   Thumb Code    80  es_queue_1.o(i.ES_DeQueue)
    ES_EnQueueFIFO                           0x00000ba5   Thumb Code    66  es_queue_1.o(i.ES_EnQueueFIFO)
    ES_GetMSBitSet                           0x00000bed   Thumb Code    48  es_lookuptables_1.o(i.ES_GetMSBitSet)
    ES_InitQueue                             0x00000c21   Thumb Code    16  es_queue_1.o(i.ES_InitQueue)
    ES_Initialize                            0x00000c31   Thumb Code    72  es_framework_1.o(i.ES_Initialize)
    ES_PostToService                         0x00000c7d   Thumb Code    42  es_framework_1.o(i.ES_PostToService)
    ES_Run                                   0x00000cb5   Thumb Code    84  es_framework_1.o(i.ES_Run)
    ES_Timer_Init                            0x00000d15   Thumb Code     4  es_timers_1.o(i.ES_Timer_Init)
    ES_Timer_InitTimer                       0x00000d19   Thumb Code    44  es_timers_1.o(i.ES_Timer_InitTimer)
    ES_Timer_Tick_Resp                       0x00000d55   Thumb Code    90  es_timers_1.o(i.ES_Timer_Tick_Resp)
    GPIODirModeSet                           0x00000dc1   Thumb Code    40  gpio.o(i.GPIODirModeSet)
    GPIOPadConfigSet                         0x00000de9   Thumb Code   312  gpio.o(i.GPIOPadConfigSet)
    GPIOPinConfigure                         0x00000f21   Thumb Code    60  gpio.o(i.GPIOPinConfigure)
    GPIOPinTypeGPIOInput                     0x00000f65   Thumb Code    28  gpio.o(i.GPIOPinTypeGPIOInput)
    GPIOPinTypeUART                          0x00000f81   Thumb Code    28  gpio.o(i.GPIOPinTypeUART)
    HallEffectOneShotTimer_ISR               0x00000f9d   Thumb Code    24  constructingsm.o(i.HallEffectOneShotTimer_ISR)
    HallEffect_ISR                           0x00000fbd   Thumb Code   226  constructingsm.o(i.HallEffect_ISR)
    InitFiringService                        0x000010b5   Thumb Code    26  firingservice.o(i.InitFiringService)
    InitFlywheelPWM                          0x000010d5   Thumb Code   138  pwm_module.o(i.InitFlywheelPWM)
    InitLOC_SM                               0x0000117d   Thumb Code    34  loc_hsm.o(i.InitLOC_SM)
    InitMapKeys                              0x000011ad   Thumb Code     8  mapkeys.o(i.InitMapKeys)
    InitMasterSM                             0x000011b9   Thumb Code    46  masterhsm.o(i.InitMasterSM)
    InitPWM                                  0x000011f1   Thumb Code   148  pwm_module.o(i.InitPWM)
    InitReloadingService                     0x0000129d   Thumb Code    12  reloadingservice.o(i.InitReloadingService)
    InitSPI_Comm                             0x000012ad   Thumb Code   228  spi_module.o(i.InitSPI_Comm)
    InitServoPWM                             0x000013ed   Thumb Code   122  pwm_module.o(i.InitServoPWM)
    InitializeBumpSwitchDebounce             0x000015b5   Thumb Code    68  bumpswitchdebounce.o(i.InitializeBumpSwitchDebounce)
    InitializePins                           0x00001611   Thumb Code   158  hardware.o(i.InitializePins)
    InitializeTeamSwitchDebounce             0x000016c9   Thumb Code    68  teamswitchdebounce.o(i.InitializeTeamSwitchDebounce)
    IntMasterEnable                          0x00001725   Thumb Code    14  interrupt.o(i.IntMasterEnable)
    Motor_Controller_ISR                     0x000017d5   Thumb Code   462  hardware.o(i.Motor_Controller_ISR)
    PortFunctionInit                         0x000019d5   Thumb Code   132  enablepa25_pb23_pd7_pf0.o(i.PortFunctionInit)
    PostBumpSwitchDebounce                   0x00001a75   Thumb Code    10  bumpswitchdebounce.o(i.PostBumpSwitchDebounce)
    PostFiringService                        0x00001a85   Thumb Code    10  firingservice.o(i.PostFiringService)
    PostLOC_SM                               0x00001a95   Thumb Code    10  loc_hsm.o(i.PostLOC_SM)
    PostMapKeys                              0x00001aa5   Thumb Code    10  mapkeys.o(i.PostMapKeys)
    PostMasterSM                             0x00001ab5   Thumb Code    10  masterhsm.o(i.PostMasterSM)
    PostReloadingService                     0x00001ac5   Thumb Code    10  reloadingservice.o(i.PostReloadingService)
    PostTeamSwitchDebounce                   0x00001ad5   Thumb Code    10  teamswitchdebounce.o(i.PostTeamSwitchDebounce)
    QueryLOC                                 0x00001ae5   Thumb Code    34  spi_module.o(i.QueryLOC)
    RunBumpSwitchDebounceSM                  0x00001b0d   Thumb Code    86  bumpswitchdebounce.o(i.RunBumpSwitchDebounceSM)
    RunByteTransferSM                        0x00001b69   Thumb Code   128  bytetransfersm.o(i.RunByteTransferSM)
    RunCheckInSM                             0x00001bed   Thumb Code   430  checkinsm.o(i.RunCheckInSM)
    RunConstructingSM                        0x00001e85   Thumb Code   564  constructingsm.o(i.RunConstructingSM)
    RunDrivingAlongTapeSM                    0x000021c1   Thumb Code   294  drivingalongtapesm.o(i.RunDrivingAlongTapeSM)
    RunFiringService                         0x00002395   Thumb Code   166  firingservice.o(i.RunFiringService)
    RunLOC_SM                                0x000024b5   Thumb Code   130  loc_hsm.o(i.RunLOC_SM)
    RunMapKeys                               0x0000253d   Thumb Code   608  mapkeys.o(i.RunMapKeys)
    RunMasterSM                              0x00002b31   Thumb Code   250  masterhsm.o(i.RunMasterSM)
    RunReloadingService                      0x00002cd5   Thumb Code   188  reloadingservice.o(i.RunReloadingService)
    RunShootingSM                            0x00002e19   Thumb Code   516  shootingsm.o(i.RunShootingSM)
    RunTeamSwitchDebounceSM                  0x000030fd   Thumb Code    78  teamswitchdebounce.o(i.RunTeamSwitchDebounceSM)
    SetBytesArray                            0x00003151   Thumb Code    22  bytetransfersm.o(i.SetBytesArray)
    SetDirectionA                            0x0000317d   Thumb Code    48  pwm_module.o(i.SetDirectionA)
    SetDirectionB                            0x000031b9   Thumb Code    52  pwm_module.o(i.SetDirectionB)
    SetDutyA                                 0x000031f9   Thumb Code    90  pwm_module.o(i.SetDutyA)
    SetDutyB                                 0x0000325d   Thumb Code    92  pwm_module.o(i.SetDutyB)
    SetFlywheelDuty                          0x000032c1   Thumb Code    86  pwm_module.o(i.SetFlywheelDuty)
    SetMotorController                       0x00003321   Thumb Code   110  hardware.o(i.SetMotorController)
    SetRR_Byte                               0x00003395   Thumb Code     6  masterhsm.o(i.SetRR_Byte)
    SetRS_Byte                               0x000033a1   Thumb Code     6  masterhsm.o(i.SetRS_Byte)
    SetSB3_Byte                              0x000033ad   Thumb Code     6  masterhsm.o(i.SetSB3_Byte)
    SetServoPosition                         0x000033b9   Thumb Code    26  pwm_module.o(i.SetServoPosition)
    StartByteTransferSM                      0x000033d9   Thumb Code    10  bytetransfersm.o(i.StartByteTransferSM)
    StartCheckInSM                           0x000033e9   Thumb Code    10  checkinsm.o(i.StartCheckInSM)
    StartConstructingSM                      0x000033f9   Thumb Code    22  constructingsm.o(i.StartConstructingSM)
    StartDrivingAlongTapeSM                  0x00003415   Thumb Code    16  drivingalongtapesm.o(i.StartDrivingAlongTapeSM)
    StartLOC_SM                              0x00003429   Thumb Code    10  loc_hsm.o(i.StartLOC_SM)
    StartMasterSM                            0x00003439   Thumb Code    10  masterhsm.o(i.StartMasterSM)
    StartShootingSM                          0x00003449   Thumb Code    10  shootingsm.o(i.StartShootingSM)
    SysCtlClockSet                           0x00003459   Thumb Code   270  sysctl.o(i.SysCtlClockSet)
    SysCtlPeripheralEnable                   0x00003579   Thumb Code    36  sysctl.o(i.SysCtlPeripheralEnable)
    SysTickEnable                            0x000035a1   Thumb Code    14  systick.o(i.SysTickEnable)
    SysTickIntEnable                         0x000035af   Thumb Code    14  systick.o(i.SysTickIntEnable)
    SysTickIntHandler                        0x000035bd   Thumb Code    16  es_port_1.o(i.SysTickIntHandler)
    SysTickPeriodSet                         0x000035d1   Thumb Code    10  systick.o(i.SysTickPeriodSet)
    TERMIO_GetChar                           0x000035db   Thumb Code     4  termio_1.o(i.TERMIO_GetChar)
    TERMIO_Init                              0x000035e1   Thumb Code    62  termio_1.o(i.TERMIO_Init)
    TERMIO_PutChar                           0x00003631   Thumb Code     8  termio_1.o(i.TERMIO_PutChar)
    UARTCharPut                              0x0000363d   Thumb Code    12  uart.o(i.UARTCharPut)
    UARTClockSourceSet                       0x00003649   Thumb Code     6  uart.o(i.UARTClockSourceSet)
    UARTStdioConfig                          0x00003651   Thumb Code    82  uartstdio_1.o(i.UARTStdioConfig)
    UARTgetc                                 0x000036ad   Thumb Code    20  uartstdio_1.o(i.UARTgetc)
    UpdateStatus                             0x000036c5   Thumb Code    36  constructingsm.o(i.UpdateStatus)
    _HW_Process_Pending_Ints                 0x000036ed   Thumb Code    26  es_port_1.o(i._HW_Process_Pending_Ints)
    _HW_Timer_Init                           0x0000370d   Thumb Code    22  es_port_1.o(i._HW_Timer_Init)
    _sys_exit                                0x00003723   Thumb Code     2  retarget_1.o(i._sys_exit)
    decrementBallCount                       0x00003725   Thumb Code    14  masterhsm.o(i.decrementBallCount)
    ferror                                   0x00003739   Thumb Code     6  retarget_1.o(i.ferror)
    fgetc                                    0x0000373f   Thumb Code     4  retarget_1.o(i.fgetc)
    fputc                                    0x00003743   Thumb Code    14  retarget_1.o(i.fputc)
    getActiveStageGreen                      0x00003751   Thumb Code    10  masterhsm.o(i.getActiveStageGreen)
    getActiveStageRed                        0x00003761   Thumb Code    10  masterhsm.o(i.getActiveStageRed)
    getBallCount                             0x00003771   Thumb Code     6  masterhsm.o(i.getBallCount)
    getGameState                             0x0000377d   Thumb Code     8  masterhsm.o(i.getGameState)
    getGameTimeoutFlag                       0x00003789   Thumb Code     6  constructingsm.o(i.getGameTimeoutFlag)
    getLastStation                           0x00003795   Thumb Code     6  drivingalongtapesm.o(i.getLastStation)
    getLocation                              0x000037a1   Thumb Code    10  masterhsm.o(i.getLocation)
    getPeriod                                0x000037b1   Thumb Code     6  constructingsm.o(i.getPeriod)
    getPeriodCode                            0x000037bd   Thumb Code   244  checkinsm.o(i.getPeriodCode)
    getRS_Byte                               0x0000390d   Thumb Code     6  bytetransfersm.o(i.getRS_Byte)
    getReportStatus                          0x00003919   Thumb Code     8  masterhsm.o(i.getReportStatus)
    getResponseReady                         0x00003925   Thumb Code     6  masterhsm.o(i.getResponseReady)
    getSB3_Byte                              0x00003931   Thumb Code     6  bytetransfersm.o(i.getSB3_Byte)
    getScore                                 0x0000393d   Thumb Code     6  constructingsm.o(i.getScore)
    getScoreGreen                            0x00003949   Thumb Code    10  masterhsm.o(i.getScoreGreen)
    getScoreRed                              0x00003959   Thumb Code    10  masterhsm.o(i.getScoreRed)
    getTargetGoal                            0x00003969   Thumb Code     6  constructingsm.o(i.getTargetGoal)
    getTeamColor                             0x00003975   Thumb Code     6  masterhsm.o(i.getTeamColor)
    incrementBallCount                       0x00003981   Thumb Code    10  masterhsm.o(i.incrementBallCount)
    incrementScore                           0x00003991   Thumb Code    12  constructingsm.o(i.incrementScore)
    kbhit                                    0x000039a1   Thumb Code    16  termio_1.o(i.kbhit)
    main                                     0x000039b5   Thumb Code    92  hsmtemplatemain.o(i.main)
    setGameTimeoutFlag                       0x00003afd   Thumb Code     6  constructingsm.o(i.setGameTimeoutFlag)
    _get_lc_ctype                            0x00003b09   Thumb Code    44  lc_ctype_c.o(locale$$code)
    _fp_init                                 0x00003b35   Thumb Code    10  fpinit.o(x$fpl$fpinit)
    __fplib_config_fpu_vfp                   0x00003b3d   Thumb Code     0  fpinit.o(x$fpl$fpinit)
    __fplib_config_pureend_doubles           0x00003b3d   Thumb Code     0  fpinit.o(x$fpl$fpinit)
    BitNum2SetMask                           0x00003bec   Data          32  es_lookuptables_1.o(.constdata)
    Nybble2MSBitNum                          0x00003c0c   Data          15  es_lookuptables_1.o(.constdata)
    Region$$Table$$Base                      0x00003ef8   Number         0  anon$$obj.o(Region$$Table)
    Region$$Table$$Limit                     0x00003f18   Number         0  anon$$obj.o(Region$$Table)
    __ctype                                  0x00003f25   Data           0  lc_ctype_c.o(locale$$data)
    Ready                                    0x20000090   Data           2  es_framework_1.o(.data)
    _PRIMASK_temp                            0x2000009c   Data           4  es_queue_1.o(.data)
    __stdout                                 0x200000ac   Data           4  retarget_1.o(.data)
    __stdin                                  0x200000b0   Data           4  retarget_1.o(.data)
    _random_number_data                      0x20000828   Data         228  rand.o(.bss)
    __libspace_start                         0x2000090c   Data          96  libspace.o(.bss)
    __temporary_stack_top$libspace           0x2000096c   Data           0  libspace.o(.bss)



==============================================================================

Memory Map of the image

  Image Entry point : 0x0000026d

  Load Region LR_IROM1 (Base: 0x00000000, Size: 0x000040e4, Max: 0x00040000, ABSOLUTE)

    Execution Region ER_IROM1 (Base: 0x00000000, Size: 0x00004028, Max: 0x00040000, ABSOLUTE)

    Base Addr    Size         Type   Attr      Idx    E Section Name        Object

    0x00000000   0x00000288   Code   RO         1000  * RESET               startup_rvmdk.o
    0x00000288   0x00000008   Code   RO         2855  * !!!main             c_w.l(__main.o)
    0x00000290   0x00000034   Code   RO         3029    !!!scatter          c_w.l(__scatter.o)
    0x000002c4   0x0000001a   Code   RO         3031    !!handler_copy      c_w.l(__scatter_copy.o)
    0x000002de   0x00000002   PAD
    0x000002e0   0x0000001c   Code   RO         3033    !!handler_zi        c_w.l(__scatter_zi.o)
    0x000002fc   0x00000000   Code   RO         2843    .ARM.Collect$$_printf_percent$$00000000  c_w.l(_printf_percent.o)
    0x000002fc   0x00000006   Code   RO         2841    .ARM.Collect$$_printf_percent$$00000008  c_w.l(_printf_i.o)
    0x00000302   0x00000006   Code   RO         2842    .ARM.Collect$$_printf_percent$$00000009  c_w.l(_printf_d.o)
    0x00000308   0x00000006   Code   RO         2840    .ARM.Collect$$_printf_percent$$00000014  c_w.l(_printf_s.o)
    0x0000030e   0x00000004   Code   RO         2866    .ARM.Collect$$_printf_percent$$00000017  c_w.l(_printf_percent_end.o)
    0x00000312   0x00000002   Code   RO         2961    .ARM.Collect$$libinit$$00000000  c_w.l(libinit.o)
    0x00000314   0x00000004   Code   RO         2867    .ARM.Collect$$libinit$$00000001  c_w.l(libinit2.o)
    0x00000318   0x00000000   Code   RO         2870    .ARM.Collect$$libinit$$00000004  c_w.l(libinit2.o)
    0x00000318   0x00000000   Code   RO         2873    .ARM.Collect$$libinit$$0000000A  c_w.l(libinit2.o)
    0x00000318   0x00000000   Code   RO         2875    .ARM.Collect$$libinit$$0000000C  c_w.l(libinit2.o)
    0x00000318   0x00000004   Code   RO         2876    .ARM.Collect$$libinit$$0000000D  c_w.l(libinit2.o)
    0x0000031c   0x00000000   Code   RO         2877    .ARM.Collect$$libinit$$0000000E  c_w.l(libinit2.o)
    0x0000031c   0x00000006   Code   RO         2878    .ARM.Collect$$libinit$$0000000F  c_w.l(libinit2.o)
    0x00000322   0x00000000   Code   RO         2880    .ARM.Collect$$libinit$$00000011  c_w.l(libinit2.o)
    0x00000322   0x0000000c   Code   RO         2881    .ARM.Collect$$libinit$$00000012  c_w.l(libinit2.o)
    0x0000032e   0x00000000   Code   RO         2882    .ARM.Collect$$libinit$$00000013  c_w.l(libinit2.o)
    0x0000032e   0x00000000   Code   RO         2884    .ARM.Collect$$libinit$$00000015  c_w.l(libinit2.o)
    0x0000032e   0x00000000   Code   RO         2886    .ARM.Collect$$libinit$$00000017  c_w.l(libinit2.o)
    0x0000032e   0x00000000   Code   RO         2888    .ARM.Collect$$libinit$$00000019  c_w.l(libinit2.o)
    0x0000032e   0x00000000   Code   RO         2890    .ARM.Collect$$libinit$$0000001B  c_w.l(libinit2.o)
    0x0000032e   0x00000000   Code   RO         2892    .ARM.Collect$$libinit$$0000001D  c_w.l(libinit2.o)
    0x0000032e   0x00000000   Code   RO         2894    .ARM.Collect$$libinit$$0000001F  c_w.l(libinit2.o)
    0x0000032e   0x00000000   Code   RO         2896    .ARM.Collect$$libinit$$00000021  c_w.l(libinit2.o)
    0x0000032e   0x00000000   Code   RO         2898    .ARM.Collect$$libinit$$00000023  c_w.l(libinit2.o)
    0x0000032e   0x00000000   Code   RO         2900    .ARM.Collect$$libinit$$00000025  c_w.l(libinit2.o)
    0x0000032e   0x00000000   Code   RO         2904    .ARM.Collect$$libinit$$0000002C  c_w.l(libinit2.o)
    0x0000032e   0x00000000   Code   RO         2906    .ARM.Collect$$libinit$$0000002E  c_w.l(libinit2.o)
    0x0000032e   0x00000000   Code   RO         2908    .ARM.Collect$$libinit$$00000030  c_w.l(libinit2.o)
    0x0000032e   0x00000000   Code   RO         2910    .ARM.Collect$$libinit$$00000032  c_w.l(libinit2.o)
    0x0000032e   0x00000002   Code   RO         2911    .ARM.Collect$$libinit$$00000033  c_w.l(libinit2.o)
    0x00000330   0x00000002   Code   RO         2992    .ARM.Collect$$libshutdown$$00000000  c_w.l(libshutdown.o)
    0x00000332   0x00000000   Code   RO         2996    .ARM.Collect$$libshutdown$$00000002  c_w.l(libshutdown2.o)
    0x00000332   0x00000000   Code   RO         2998    .ARM.Collect$$libshutdown$$00000004  c_w.l(libshutdown2.o)
    0x00000332   0x00000000   Code   RO         3001    .ARM.Collect$$libshutdown$$00000007  c_w.l(libshutdown2.o)
    0x00000332   0x00000000   Code   RO         3004    .ARM.Collect$$libshutdown$$0000000A  c_w.l(libshutdown2.o)
    0x00000332   0x00000000   Code   RO         3006    .ARM.Collect$$libshutdown$$0000000C  c_w.l(libshutdown2.o)
    0x00000332   0x00000000   Code   RO         3009    .ARM.Collect$$libshutdown$$0000000F  c_w.l(libshutdown2.o)
    0x00000332   0x00000002   Code   RO         3010    .ARM.Collect$$libshutdown$$00000010  c_w.l(libshutdown2.o)
    0x00000334   0x00000000   Code   RO         2857    .ARM.Collect$$rtentry$$00000000  c_w.l(__rtentry.o)
    0x00000334   0x00000000   Code   RO         2913    .ARM.Collect$$rtentry$$00000002  c_w.l(__rtentry2.o)
    0x00000334   0x00000006   Code   RO         2925    .ARM.Collect$$rtentry$$00000004  c_w.l(__rtentry4.o)
    0x0000033a   0x00000000   Code   RO         2915    .ARM.Collect$$rtentry$$00000009  c_w.l(__rtentry2.o)
    0x0000033a   0x00000004   Code   RO         2916    .ARM.Collect$$rtentry$$0000000A  c_w.l(__rtentry2.o)
    0x0000033e   0x00000000   Code   RO         2918    .ARM.Collect$$rtentry$$0000000C  c_w.l(__rtentry2.o)
    0x0000033e   0x00000008   Code   RO         2919    .ARM.Collect$$rtentry$$0000000D  c_w.l(__rtentry2.o)
    0x00000346   0x00000002   Code   RO         2964    .ARM.Collect$$rtexit$$00000000  c_w.l(rtexit.o)
    0x00000348   0x00000000   Code   RO         2974    .ARM.Collect$$rtexit$$00000002  c_w.l(rtexit2.o)
    0x00000348   0x00000004   Code   RO         2975    .ARM.Collect$$rtexit$$00000003  c_w.l(rtexit2.o)
    0x0000034c   0x00000006   Code   RO         2976    .ARM.Collect$$rtexit$$00000004  c_w.l(rtexit2.o)
    0x00000352   0x00000002   PAD
    0x00000354   0x00000006   Code   RO         2088    .emb_text           driverlib.lib(sysctl.o)
    0x0000035a   0x00000002   PAD
    0x0000035c   0x00000026   Code   RO         2794    .emb_text           driverlib.lib(cpu.o)
    0x00000382   0x00000002   PAD
    0x00000384   0x00000034   Code   RO         2848    .emb_text           c_w.l(rand.o)
    0x000003b8   0x00000018   Code   RO         1001    .text               startup_rvmdk.o
    0x000003d0   0x00000002   Code   RO         2806    .text               c_w.l(use_no_semi.o)
    0x000003d2   0x0000001e   Code   RO         2808    .text               c_w.l(toupper.o)
    0x000003f0   0x00000018   Code   RO         2812    .text               c_w.l(noretval__2printf.o)
    0x00000408   0x00000068   Code   RO         2814    .text               c_w.l(__printf.o)
    0x00000470   0x00000052   Code   RO         2816    .text               c_w.l(_printf_str.o)
    0x000004c2   0x00000002   PAD
    0x000004c4   0x00000078   Code   RO         2818    .text               c_w.l(_printf_dec.o)
    0x0000053c   0x00000004   Code   RO         2844    .text               c_w.l(getc.o)
    0x00000540   0x0000002c   Code   RO         2846    .text               c_w.l(puts.o)
    0x0000056c   0x0000003c   Code   RO         2849    .text               c_w.l(rand.o)
    0x000005a8   0x00000006   Code   RO         2853    .text               c_w.l(heapauxi.o)
    0x000005ae   0x00000002   PAD
    0x000005b0   0x00000010   Code   RO         2858    .text               c_w.l(rt_ctype_table.o)
    0x000005c0   0x000000b2   Code   RO         2860    .text               c_w.l(_printf_intcommon.o)
    0x00000672   0x0000002c   Code   RO         2862    .text               c_w.l(_printf_char.o)
    0x0000069e   0x00000002   PAD
    0x000006a0   0x00000024   Code   RO         2864    .text               c_w.l(_printf_char_file.o)
    0x000006c4   0x00000008   Code   RO         2930    .text               c_w.l(rt_locale_intlibspace.o)
    0x000006cc   0x00000030   Code   RO         2932    .text               c_w.l(_printf_char_common.o)
    0x000006fc   0x00000008   Code   RO         2941    .text               c_w.l(libspace.o)
    0x00000704   0x0000004a   Code   RO         2944    .text               c_w.l(sys_stackheap_outer.o)
    0x0000074e   0x00000012   Code   RO         2948    .text               c_w.l(exit.o)
    0x00000760   0x00000080   Code   RO         2950    .text               c_w.l(strcmpv7m.o)
    0x000007e0   0x000000c8   Code   RO           77    i.ADC_MultiInit     admulti.o
    0x000008a8   0x00000038   Code   RO           78    i.ADC_MultiRead     admulti.o
    0x000008e0   0x0000005c   Code   RO          413    i.Beacon_Receiver_ISR  hardware.o
    0x0000093c   0x00000008   Code   RO         1135    i.CPUgetPRIMASK_cpsid  es_port_1.o
    0x00000944   0x00000006   Code   RO         1141    i.CPUsetPRIMASK     es_port_1.o
    0x0000094a   0x00000002   PAD
    0x0000094c   0x0000002c   Code   RO          884    i.Check4Keystroke   eventcheckers.o
    0x00000978   0x0000003c   Code   RO          934    i.CheckBumpSwitchEvents  bumpswitchdebounce.o
    0x000009b4   0x0000003c   Code   RO          966    i.CheckTeamSwitchEvents  teamswitchdebounce.o
    0x000009f0   0x0000000c   Code   RO          227    i.ClearBadResponseCounter  checkinsm.o
    0x000009fc   0x000000b8   Code   RO          540    i.DuringConstructing  masterhsm.o
    0x00000ab4   0x00000038   Code   RO          228    i.DuringReporting_1  checkinsm.o
    0x00000aec   0x0000003c   Code   RO          860    i.EOT_Response_ISR  spi_module.o
    0x00000b28   0x00000028   Code   RO         1007    i.ES_CheckUserEvents  es_checkevents_1.o
    0x00000b50   0x00000054   Code   RO         1163    i.ES_DeQueue        es_queue_1.o
    0x00000ba4   0x00000048   Code   RO         1164    i.ES_EnQueueFIFO    es_queue_1.o
    0x00000bec   0x00000034   Code   RO         1084    i.ES_GetMSBitSet    es_lookuptables_1.o
    0x00000c20   0x00000010   Code   RO         1166    i.ES_InitQueue      es_queue_1.o
    0x00000c30   0x0000004c   Code   RO         1033    i.ES_Initialize     es_framework_1.o
    0x00000c7c   0x00000038   Code   RO         1035    i.ES_PostToService  es_framework_1.o
    0x00000cb4   0x00000060   Code   RO         1037    i.ES_Run            es_framework_1.o
    0x00000d14   0x00000004   Code   RO         1206    i.ES_Timer_Init     es_timers_1.o
    0x00000d18   0x0000003c   Code   RO         1207    i.ES_Timer_InitTimer  es_timers_1.o
    0x00000d54   0x0000006c   Code   RO         1211    i.ES_Timer_Tick_Resp  es_timers_1.o
    0x00000dc0   0x00000028   Code   RO         1413    i.GPIODirModeSet    driverlib.lib(gpio.o)
    0x00000de8   0x00000138   Code   RO         1425    i.GPIOPadConfigSet  driverlib.lib(gpio.o)
    0x00000f20   0x00000044   Code   RO         1426    i.GPIOPinConfigure  driverlib.lib(gpio.o)
    0x00000f64   0x0000001c   Code   RO         1436    i.GPIOPinTypeGPIOInput  driverlib.lib(gpio.o)
    0x00000f80   0x0000001c   Code   RO         1449    i.GPIOPinTypeUART   driverlib.lib(gpio.o)
    0x00000f9c   0x00000020   Code   RO          276    i.HallEffectOneShotTimer_ISR  constructingsm.o
    0x00000fbc   0x000000f8   Code   RO          277    i.HallEffect_ISR    constructingsm.o
    0x000010b4   0x00000020   Code   RO          908    i.InitFiringService  firingservice.o
    0x000010d4   0x000000a8   Code   RO          700    i.InitFlywheelPWM   pwm_module.o
    0x0000117c   0x00000030   Code   RO          476    i.InitLOC_SM        loc_hsm.o
    0x000011ac   0x0000000c   Code   RO          507    i.InitMapKeys       mapkeys.o
    0x000011b8   0x00000038   Code   RO          541    i.InitMasterSM      masterhsm.o
    0x000011f0   0x000000ac   Code   RO          701    i.InitPWM           pwm_module.o
    0x0000129c   0x00000010   Code   RO          808    i.InitReloadingService  reloadingservice.o
    0x000012ac   0x00000140   Code   RO          861    i.InitSPI_Comm      spi_module.o
    0x000013ec   0x00000094   Code   RO          702    i.InitServoPWM      pwm_module.o
    0x00001480   0x000000c0   Code   RO          415    i.Init_Beacon_Receiver  hardware.o
    0x00001540   0x00000074   Code   RO          416    i.Init_Controller   hardware.o
    0x000015b4   0x0000005c   Code   RO          935    i.InitializeBumpSwitchDebounce  bumpswitchdebounce.o
    0x00001610   0x000000b8   Code   RO          417    i.InitializePins    hardware.o
    0x000016c8   0x0000005c   Code   RO          967    i.InitializeTeamSwitchDebounce  teamswitchdebounce.o
    0x00001724   0x0000000e   Code   RO         1743    i.IntMasterEnable   driverlib.lib(interrupt.o)
    0x00001732   0x00000002   PAD
    0x00001734   0x000000a0   Code   RO          418    i.MagneticTimerInit  hardware.o
    0x000017d4   0x00000200   Code   RO          419    i.Motor_Controller_ISR  hardware.o
    0x000019d4   0x000000a0   Code   RO          401    i.PortFunctionInit  enablepa25_pb23_pd7_pf0.o
    0x00001a74   0x00000010   Code   RO          936    i.PostBumpSwitchDebounce  bumpswitchdebounce.o
    0x00001a84   0x00000010   Code   RO          909    i.PostFiringService  firingservice.o
    0x00001a94   0x00000010   Code   RO          477    i.PostLOC_SM        loc_hsm.o
    0x00001aa4   0x00000010   Code   RO          508    i.PostMapKeys       mapkeys.o
    0x00001ab4   0x00000010   Code   RO          542    i.PostMasterSM      masterhsm.o
    0x00001ac4   0x00000010   Code   RO          809    i.PostReloadingService  reloadingservice.o
    0x00001ad4   0x00000010   Code   RO          968    i.PostTeamSwitchDebounce  teamswitchdebounce.o
    0x00001ae4   0x00000028   Code   RO          862    i.QueryLOC          spi_module.o
    0x00001b0c   0x0000005c   Code   RO          937    i.RunBumpSwitchDebounceSM  bumpswitchdebounce.o
    0x00001b68   0x00000084   Code   RO          113    i.RunByteTransferSM  bytetransfersm.o
    0x00001bec   0x00000298   Code   RO          229    i.RunCheckInSM      checkinsm.o
    0x00001e84   0x0000033c   Code   RO          278    i.RunConstructingSM  constructingsm.o
    0x000021c0   0x000001d4   Code   RO          375    i.RunDrivingAlongTapeSM  drivingalongtapesm.o
    0x00002394   0x00000120   Code   RO          910    i.RunFiringService  firingservice.o
    0x000024b4   0x00000088   Code   RO          478    i.RunLOC_SM         loc_hsm.o
    0x0000253c   0x000005f4   Code   RO          509    i.RunMapKeys        mapkeys.o
    0x00002b30   0x000001a4   Code   RO          543    i.RunMasterSM       masterhsm.o
    0x00002cd4   0x00000144   Code   RO          810    i.RunReloadingService  reloadingservice.o
    0x00002e18   0x000002e4   Code   RO          837    i.RunShootingSM     shootingsm.o
    0x000030fc   0x00000054   Code   RO          969    i.RunTeamSwitchDebounceSM  teamswitchdebounce.o
    0x00003150   0x0000002c   Code   RO          114    i.SetBytesArray     bytetransfersm.o
    0x0000317c   0x0000003c   Code   RO          703    i.SetDirectionA     pwm_module.o
    0x000031b8   0x00000040   Code   RO          704    i.SetDirectionB     pwm_module.o
    0x000031f8   0x00000064   Code   RO          705    i.SetDutyA          pwm_module.o
    0x0000325c   0x00000064   Code   RO          706    i.SetDutyB          pwm_module.o
    0x000032c0   0x00000060   Code   RO          707    i.SetFlywheelDuty   pwm_module.o
    0x00003320   0x00000074   Code   RO          420    i.SetMotorController  hardware.o
    0x00003394   0x0000000c   Code   RO          544    i.SetRR_Byte        masterhsm.o
    0x000033a0   0x0000000c   Code   RO          545    i.SetRS_Byte        masterhsm.o
    0x000033ac   0x0000000c   Code   RO          548    i.SetSB3_Byte       masterhsm.o
    0x000033b8   0x00000020   Code   RO          708    i.SetServoPosition  pwm_module.o
    0x000033d8   0x00000010   Code   RO          115    i.StartByteTransferSM  bytetransfersm.o
    0x000033e8   0x00000010   Code   RO          230    i.StartCheckInSM    checkinsm.o
    0x000033f8   0x0000001c   Code   RO          279    i.StartConstructingSM  constructingsm.o
    0x00003414   0x00000014   Code   RO          376    i.StartDrivingAlongTapeSM  drivingalongtapesm.o
    0x00003428   0x00000010   Code   RO          479    i.StartLOC_SM       loc_hsm.o
    0x00003438   0x00000010   Code   RO          549    i.StartMasterSM     masterhsm.o
    0x00003448   0x00000010   Code   RO          838    i.StartShootingSM   shootingsm.o
    0x00003458   0x00000120   Code   RO         2093    i.SysCtlClockSet    driverlib.lib(sysctl.o)
    0x00003578   0x00000028   Code   RO         2122    i.SysCtlPeripheralEnable  driverlib.lib(sysctl.o)
    0x000035a0   0x0000000e   Code   RO         2437    i.SysTickEnable     driverlib.lib(systick.o)
    0x000035ae   0x0000000e   Code   RO         2439    i.SysTickIntEnable  driverlib.lib(systick.o)
    0x000035bc   0x00000014   Code   RO         1101    i.SysTickIntHandler  es_port_1.o
    0x000035d0   0x0000000a   Code   RO         2443    i.SysTickPeriodSet  driverlib.lib(systick.o)
    0x000035da   0x00000004   Code   RO         1310    i.TERMIO_GetChar    termio_1.o
    0x000035de   0x00000002   PAD
    0x000035e0   0x00000050   Code   RO         1311    i.TERMIO_Init       termio_1.o
    0x00003630   0x0000000c   Code   RO         1312    i.TERMIO_PutChar    termio_1.o
    0x0000363c   0x0000000c   Code   RO         2507    i.UARTCharPut       driverlib.lib(uart.o)
    0x00003648   0x00000006   Code   RO         2511    i.UARTClockSourceSet  driverlib.lib(uart.o)
    0x0000364e   0x00000002   PAD
    0x00003650   0x0000005c   Code   RO         1353    i.UARTStdioConfig   uartstdio_1.o
    0x000036ac   0x00000018   Code   RO         1354    i.UARTgetc          uartstdio_1.o
    0x000036c4   0x00000028   Code   RO          280    i.UpdateStatus      constructingsm.o
    0x000036ec   0x00000020   Code   RO         1103    i._HW_Process_Pending_Ints  es_port_1.o
    0x0000370c   0x00000016   Code   RO         1104    i._HW_Timer_Init    es_port_1.o
    0x00003722   0x00000002   Code   RO         1257    i._sys_exit         retarget_1.o
    0x00003724   0x00000014   Code   RO          550    i.decrementBallCount  masterhsm.o
    0x00003738   0x00000006   Code   RO         1259    i.ferror            retarget_1.o
    0x0000373e   0x00000004   Code   RO         1260    i.fgetc             retarget_1.o
    0x00003742   0x0000000e   Code   RO         1261    i.fputc             retarget_1.o
    0x00003750   0x00000010   Code   RO          553    i.getActiveStageGreen  masterhsm.o
    0x00003760   0x00000010   Code   RO          554    i.getActiveStageRed  masterhsm.o
    0x00003770   0x0000000c   Code   RO          555    i.getBallCount      masterhsm.o
    0x0000377c   0x0000000c   Code   RO          558    i.getGameState      masterhsm.o
    0x00003788   0x0000000c   Code   RO          281    i.getGameTimeoutFlag  constructingsm.o
    0x00003794   0x0000000c   Code   RO          377    i.getLastStation    drivingalongtapesm.o
    0x000037a0   0x00000010   Code   RO          559    i.getLocation       masterhsm.o
    0x000037b0   0x0000000c   Code   RO          283    i.getPeriod         constructingsm.o
    0x000037bc   0x00000150   Code   RO          231    i.getPeriodCode     checkinsm.o
    0x0000390c   0x0000000c   Code   RO          121    i.getRS_Byte        bytetransfersm.o
    0x00003918   0x0000000c   Code   RO          560    i.getReportStatus   masterhsm.o
    0x00003924   0x0000000c   Code   RO          561    i.getResponseReady  masterhsm.o
    0x00003930   0x0000000c   Code   RO          124    i.getSB3_Byte       bytetransfersm.o
    0x0000393c   0x0000000c   Code   RO          284    i.getScore          constructingsm.o
    0x00003948   0x00000010   Code   RO          562    i.getScoreGreen     masterhsm.o
    0x00003958   0x00000010   Code   RO          563    i.getScoreRed       masterhsm.o
    0x00003968   0x0000000c   Code   RO          285    i.getTargetGoal     constructingsm.o
    0x00003974   0x0000000c   Code   RO          564    i.getTeamColor      masterhsm.o
    0x00003980   0x00000010   Code   RO          565    i.incrementBallCount  masterhsm.o
    0x00003990   0x00000010   Code   RO          286    i.incrementScore    constructingsm.o
    0x000039a0   0x00000014   Code   RO         1313    i.kbhit             termio_1.o
    0x000039b4   0x00000148   Code   RO            1    i.main              hsmtemplatemain.o
    0x00003afc   0x0000000c   Code   RO          287    i.setGameTimeoutFlag  constructingsm.o
    0x00003b08   0x0000002c   Code   RO         2935    locale$$code        c_w.l(lc_ctype_c.o)
    0x00003b34   0x0000000a   Code   RO         2939    x$fpl$fpinit        fz_wm.l(fpinit.o)
    0x00003b3e   0x00000002   PAD
    0x00003b40   0x00000030   Data   RO           79    .constdata          admulti.o
    0x00003b70   0x0000000c   Data   RO         1008    .constdata          es_checkevents_1.o
    0x00003b7c   0x00000070   Data   RO         1045    .constdata          es_framework_1.o
    0x00003bec   0x00000020   Data   RO         1085    .constdata          es_lookuptables_1.o
    0x00003c0c   0x0000000f   Data   RO         1086    .constdata          es_lookuptables_1.o
    0x00003c1b   0x00000001   PAD
    0x00003c1c   0x00000040   Data   RO         1213    .constdata          es_timers_1.o
    0x00003c5c   0x0000001c   Data   RO         1359    .constdata          uartstdio_1.o
    0x00003c78   0x00000228   Data   RO         1457    .constdata          driverlib.lib(gpio.o)
    0x00003ea0   0x00000044   Data   RO          510    .conststring        mapkeys.o
    0x00003ee4   0x00000011   Data   RO         1360    .conststring        uartstdio_1.o
    0x00003ef5   0x00000003   PAD
    0x00003ef8   0x00000020   Data   RO         3027    Region$$Table       anon$$obj.o
    0x00003f18   0x00000110   Data   RO         2934    locale$$data        c_w.l(lc_ctype_c.o)


    Execution Region RW_IRAM1 (Base: 0x20000000, Size: 0x00001170, Max: 0x00008000, ABSOLUTE)

    Base Addr    Size         Type   Attr      Idx    E Section Name        Object

    0x20000000   0x00000001   Data   RW           80    .data               admulti.o
    0x20000001   0x00000007   Data   RW          125    .data               bytetransfersm.o
    0x20000008   0x0000000e   Data   RW          232    .data               checkinsm.o
    0x20000016   0x00000002   PAD
    0x20000018   0x0000001c   Data   RW          289    .data               constructingsm.o
    0x20000034   0x00000004   Data   RW          378    .data               drivingalongtapesm.o
    0x20000038   0x00000020   Data   RW          423    .data               hardware.o
    0x20000058   0x00000002   Data   RW          480    .data               loc_hsm.o
    0x2000005a   0x00000001   Data   RW          511    .data               mapkeys.o
    0x2000005b   0x0000000a   Data   RW          566    .data               masterhsm.o
    0x20000065   0x00000003   PAD
    0x20000068   0x00000018   Data   RW          709    .data               pwm_module.o
    0x20000080   0x00000003   Data   RW          811    .data               reloadingservice.o
    0x20000083   0x00000005   Data   RW          839    .data               shootingsm.o
    0x20000088   0x00000002   Data   RW          911    .data               firingservice.o
    0x2000008a   0x00000003   Data   RW          938    .data               bumpswitchdebounce.o
    0x2000008d   0x00000003   Data   RW          970    .data               teamswitchdebounce.o
    0x20000090   0x00000006   Data   RW         1046    .data               es_framework_1.o
    0x20000096   0x00000004   Data   RW         1105    .data               es_port_1.o
    0x2000009a   0x00000002   PAD
    0x2000009c   0x00000004   Data   RW         1168    .data               es_queue_1.o
    0x200000a0   0x0000000a   Data   RW         1214    .data               es_timers_1.o
    0x200000aa   0x00000002   PAD
    0x200000ac   0x00000004   Data   RW         1262    .data               retarget_1.o
    0x200000b0   0x00000004   Data   RW         1263    .data               retarget_1.o
    0x200000b4   0x00000008   Data   RW         1361    .data               uartstdio_1.o
    0x200000bc   0x00000640   Zero   RW          288    .bss                constructingsm.o
    0x200006fc   0x000000a0   Zero   RW          422    .bss                hardware.o
    0x2000079c   0x0000000c   Zero   RW         1038    .bss                es_framework_1.o
    0x200007a8   0x00000010   Zero   RW         1039    .bss                es_framework_1.o
    0x200007b8   0x00000010   Zero   RW         1040    .bss                es_framework_1.o
    0x200007c8   0x00000010   Zero   RW         1041    .bss                es_framework_1.o
    0x200007d8   0x00000010   Zero   RW         1042    .bss                es_framework_1.o
    0x200007e8   0x00000010   Zero   RW         1043    .bss                es_framework_1.o
    0x200007f8   0x00000010   Zero   RW         1044    .bss                es_framework_1.o
    0x20000808   0x00000020   Zero   RW         1212    .bss                es_timers_1.o
    0x20000828   0x000000e4   Zero   RW         2850    .bss                c_w.l(rand.o)
    0x2000090c   0x00000060   Zero   RW         2942    .bss                c_w.l(libspace.o)
    0x2000096c   0x00000004   PAD
    0x20000970   0x00000000   Zero   RW          999    HEAP                startup_rvmdk.o
    0x20000970   0x00000800   Zero   RW          998    STACK               startup_rvmdk.o


==============================================================================

Image component sizes


      Code (inc. data)   RO Data    RW Data    ZI Data      Debug   Object Name

       256         40         48          1          0       1988   admulti.o
       260         44          0          3          0       3814   bumpswitchdebounce.o
       216         44          0          7          0       4850   bytetransfersm.o
      1084        344          0         14          0       6578   checkinsm.o
      1252        344          0         28       1600      11225   constructingsm.o
       500        184          0          4          0       3563   drivingalongtapesm.o
       160         28          0          0          0        595   enablepa25_pb23_pd7_pf0.o
        40          6         12          0          0       1225   es_checkevents_1.o
       228         30        112          6        108       3204   es_framework_1.o
        52          4         47          0          0       1418   es_lookuptables_1.o
        88         10          0          4          0       3666   es_port_1.o
       172         10          0          4          0       2773   es_queue_1.o
       172         34         64         10         32       2514   es_timers_1.o
        44          4          0          0          0       1398   eventcheckers.o
       336        134          0          2          0       3523   firingservice.o
      1372        158          0         32        160       6543   hardware.o
       328        236          0          0          0      10843   hsmtemplatemain.o
       216         32          0          2          0       3630   loc_hsm.o
      1552        970         68          1          0       2189   mapkeys.o
       904        394          0         10          0      12336   masterhsm.o
       940        138          0         24          0       5334   pwm_module.o
       356        146          0          3          0       2680   reloadingservice.o
        26          0          0          8          0       3803   retarget_1.o
       756        236          0          5          0       4178   shootingsm.o
       420        104          0          0          0       1801   spi_module.o
       672        636          0          0       2048        564   startup_rvmdk.o
       252         44          0          3          0       3870   teamswitchdebounce.o
       116         26          0          0          0       2008   termio_1.o
       116         14         45          8          0       2964   uartstdio_1.o

    ----------------------------------------------------------------------
     12890       4394        432        188       3948     115077   Object Totals
         0          0         32          0          0          0   (incl. Generated)
         4          0          4          9          0          0   (incl. Padding)

    ----------------------------------------------------------------------

      Code (inc. data)   RO Data    RW Data    ZI Data      Debug   Library Member Name

         8          0          0          0          0         68   __main.o
       104          0          0          0          0         84   __printf.o
         0          0          0          0          0          0   __rtentry.o
        12          0          0          0          0          0   __rtentry2.o
         6          0          0          0          0          0   __rtentry4.o
        52          8          0          0          0          0   __scatter.o
        26          0          0          0          0          0   __scatter_copy.o
        28          0          0          0          0          0   __scatter_zi.o
        44          0          0          0          0        108   _printf_char.o
        48          6          0          0          0         96   _printf_char_common.o
        36          4          0          0          0         80   _printf_char_file.o
         6          0          0          0          0          0   _printf_d.o
       120         16          0          0          0         92   _printf_dec.o
         6          0          0          0          0          0   _printf_i.o
       178          0          0          0          0         88   _printf_intcommon.o
         0          0          0          0          0          0   _printf_percent.o
         4          0          0          0          0          0   _printf_percent_end.o
         6          0          0          0          0          0   _printf_s.o
        82          0          0          0          0         80   _printf_str.o
        18          0          0          0          0         80   exit.o
         4          0          0          0          0         68   getc.o
         6          0          0          0          0        152   heapauxi.o
        44         10        272          0          0         76   lc_ctype_c.o
         2          0          0          0          0          0   libinit.o
        28          0          0          0          0          0   libinit2.o
         2          0          0          0          0          0   libshutdown.o
         2          0          0          0          0          0   libshutdown2.o
         8          4          0          0         96         68   libspace.o
        24          4          0          0          0         84   noretval__2printf.o
        44          4          0          0          0         84   puts.o
       112         18          0          0        228        160   rand.o
        16          4          0          0          0         76   rt_ctype_table.o
         8          4          0          0          0         68   rt_locale_intlibspace.o
         2          0          0          0          0          0   rtexit.o
        10          0          0          0          0          0   rtexit2.o
       128          0          0          0          0         68   strcmpv7m.o
        74          0          0          0          0         80   sys_stackheap_outer.o
        30          0          0          0          0         76   toupper.o
         2          0          0          0          0         68   use_no_semi.o
        38          0          0          0          0        572   cpu.o
       476          8        552          0          0       7164   gpio.o
        14          0          0          0          0        518   interrupt.o
       334         22          0          0          0       1742   sysctl.o
        38          0          0          0          0       1410   systick.o
        18          0          0          0          0        999   uart.o
        10          0          0          0          0        116   fpinit.o

    ----------------------------------------------------------------------
      2278        112        824          0        328      14425   Library Totals
        20          0          0          0          4          0   (incl. Padding)

    ----------------------------------------------------------------------

      Code (inc. data)   RO Data    RW Data    ZI Data      Debug   Library Name

      1330         82        272          0        324       1904   c_w.l
       918         30        552          0          0      12405   driverlib.lib
        10          0          0          0          0        116   fz_wm.l

    ----------------------------------------------------------------------
      2278        112        824          0        328      14425   Library Totals

    ----------------------------------------------------------------------

==============================================================================


      Code (inc. data)   RO Data    RW Data    ZI Data      Debug   

     15168       4506       1256        188       4276     116014   Grand Totals
     15168       4506       1256        188       4276     116014   ELF Image Totals
     15168       4506       1256        188          0          0   ROM Totals

==============================================================================

    Total RO  Size (Code + RO Data)                16424 (  16.04kB)
    Total RW  Size (RW Data + ZI Data)              4464 (   4.36kB)
    Total ROM Size (Code + RO Data + RW Data)      16612 (  16.22kB)

==============================================================================

