<html>
<body>
<pre>
<h1>µVision Build Log</h1>
<h2>Project:</h2>
\\testarossa\Users$\millerm2\My Documents\The_Framework\Project\UVFrameworkHSMTemplate.uvproj
Project File Date:  03/02/2017

<h2>Output:</h2>
Build target 'SPI_Integration'
compiling hardware.c...
Source\hardware.c(74): warning:  #61-D: integer operation result is out of range
        HWREG(NVIC_PRI24)=(HWREG(NVIC_PRI24)&~NVIC_PRI24_INTD_M)|(0x6<<NVIC_PRI24_INTD_S);
Source\hardware.c(74): warning:  #68-D: integer conversion resulted in a change of sign
        HWREG(NVIC_PRI24)=(HWREG(NVIC_PRI24)&~NVIC_PRI24_INTD_M)|(0x6<<NVIC_PRI24_INTD_S);
Source\hardware.c: 2 warnings, 0 errors
compiling FiringService.c...
linking...
Program Size: Code=14232 RO-data=1728 RW-data=164 ZI-data=2820  
After Build - User command #1: fromelf --bin --output .\Outputs\BaseTarget.bin .\Outputs\BaseTarget.axf
".\Outputs\BaseTarget.axf" - 0 Error(s), 2 Warning(s).
</pre>
</body>
</html>
re.c(72): warning:  #68-D: integer conversion resulted in a change of sign
        HWREG(NVIC_PRI24)=(HWREG(NVIC_PRI24)&~NVIC_PRI24_INTD_M)|(0x6<<NVIC_PRI24_INTD_S);
Source\hardware.c(169): warning:  #177-D: function "LoadingMotorInit" was declared but never referenced
  static void LoadingMotorInit(void)
Source\hardware.c: 3 warnings, 0 errors
compiling SPI_Module.c...
compiling ByteTransferSM.c...
compiling CheckInSM.c...
compiling ConstructingSM.c...
compiling DrivingAlongTapeSM.c...
compiling ADMulti.c...
compiling PWM_Module.c...
compiling ShootingSM.c...
Source\ShootingSM.c(53): warning:  #177-D: variable "MyPriority" was declared but never referenced
  static uint8_t MyPriority;
Source\ShootingSM.c: 1 warning, 0 errors
compiling FiringService.c...
compiling PWM10Tiva.c...
assembling startup_rvmdk.S...
compiling ES_CheckEvents.c...
compiling ES_DeferRecall.c...
compiling ES_Framework.c...
compiling ES_LookupTables.c...
compiling ES_Port.c...
compiling ES_PostList.c...
Source\ES_PostList.c(27): warning:  #177-D: function "PostToList" was declared but never referenced
  static bool PostToList(  PostFunc_t *const*FuncList, uint8_t ListSize, ES_Event NewEvent);
Source\ES_PostList.c: 1 warning, 0 errors
compiling ES_Queue.c...
compiling ES_Timers.c...
compiling retarget.c...
compiling termio.c...
compiling uartstdio.c...
linking...
Program Size: Code=12644 RO-data=1176 RW-data=164 ZI-data=2788  
After Build - User command #1: fromelf --bin --output .\Outputs\BaseTarget.bin .\Outputs\BaseTarget.axf
".\Outputs\BaseTarget.axf" - 0 Error(s), 7 Warning(s).
